 ShutterBugWindow

 Timestamp is 3f444ba4 (Thu Aug 21 00:33:40 2003)

 Preferred load address is 10000000

 Start         Length     Name                   Class
 0001:00000000 0001d4b6H .text                   CODE
 0001:0001d4b6 000000c7H .text$AFX_AUX           CODE
 0001:0001d57d 000001a9H .text$AFX_CMNCTL        CODE
 0001:0001d726 000007f4H .text$AFX_COL1          CODE
 0001:0001df1a 00000557H .text$AFX_COL2          CODE
 0001:0001e471 00006e63H .text$AFX_CORE1         CODE
 0001:000252d4 00001313H .text$AFX_CORE2         CODE
 0001:000265e7 00000b1aH .text$AFX_CORE3         CODE
 0001:00027101 00001262H .text$AFX_CORE4         CODE
 0001:00028363 000010fdH .text$AFX_INET          CODE
 0001:00029460 00002cf5H .text$AFX_INIT          CODE
 0001:0002c155 0000116aH .text$AFX_OLE1          CODE
 0001:0002d2bf 000010a5H .text$AFX_OLE3          CODE
 0001:0002e364 000007caH .text$AFX_OLE4          CODE
 0001:0002eb2e 00001884H .text$AFX_OLE5          CODE
 0001:000303b2 00000612H .text$AFX_PRNT          CODE
 0001:000309c4 000001c2H .text$AFX_TERM          CODE
 0001:00030b90 00000ddaH .text$x                 CODE
 0001:00031970 000000deH .text$yc                CODE
 0001:00031a50 0000005eH .text$yd                CODE
 0002:00000000 000006b0H .idata$5                DATA
 0002:000006b0 00005ce8H .rdata                  DATA
 0002:00006398 0000005dH .rdata$debug            DATA
 0002:000063f8 00002538H .rdata$r                DATA
 0002:00008930 000002a4H .rdata$sxdata           DATA
 0002:00008bd4 00000004H .rtc$IAA                DATA
 0002:00008bd8 00000004H .rtc$IZZ                DATA
 0002:00008bdc 00000004H .rtc$TAA                DATA
 0002:00008be0 00000004H .rtc$TZZ                DATA
 0002:00008be4 000026c4H .xdata$x                DATA
 0002:0000b2a8 00000000H ATL$__a                 DATA
 0002:0000b2a8 00000000H ATL$__z                 DATA
 0002:0000b2a8 00000118H .idata$2                DATA
 0002:0000b3c0 00000014H .idata$3                DATA
 0002:0000b3d4 000006b0H .idata$4                DATA
 0002:0000ba84 00001bf2H .idata$6                DATA
 0002:0000d680 000000adH .edata                  DATA
 0003:00000000 00000004H .CRT$XCA                DATA
 0003:00000004 00000004H .CRT$XCAA               DATA
 0003:00000008 0000000cH .CRT$XCC                DATA
 0003:00000014 00000018H .CRT$XCL                DATA
 0003:0000002c 00000054H .CRT$XCU                DATA
 0003:00000080 00000004H .CRT$XCZ                DATA
 0003:00000084 00000004H .CRT$XIA                DATA
 0003:00000088 0000000cH .CRT$XIC                DATA
 0003:00000094 00000004H .CRT$XIY                DATA
 0003:00000098 00000004H .CRT$XIZ                DATA
 0003:0000009c 00000004H .CRT$XPA                DATA
 0003:000000a0 00000004H .CRT$XPX                DATA
 0003:000000a4 00000004H .CRT$XPZ                DATA
 0003:000000a8 00000004H .CRT$XTA                DATA
 0003:000000ac 00000004H .CRT$XTB                DATA
 0003:000000b0 00000004H .CRT$XTZ                DATA
 0003:000000c0 0000265cH .data                   DATA
 0003:00002720 00003ab4H .bss                    DATA
 0004:00000000 00000308H .rsrc$01                DATA
 0004:00000310 00001740H .rsrc$02                DATA

  Address         Publics by Value              Rva+Base     Lib:Object

 0000:00000000       __except_list              00000000     <absolute>
 0000:000000a9       ___safe_se_handler_count   000000a9     <absolute>
 0000:00000000       ___ImageBase               10000000     <linker-defined>
 0001:00000000       ?InitInstance@CShutterBugWindowApp@@UAEHXZ 10001000 f   ShutterBugWindow.obj
 0001:00000010       ?ExitInstance@CShutterBugWindowApp@@UAEHXZ 10001010 f   ShutterBugWindow.obj
 0001:00000020       _DllUnregisterServer@0     10001020 f   ShutterBugWindow.obj
 0001:00000050       ?DoDataExchange@CWnd@@MAEXPAVCDataExchange@@@Z 10001050 f i ShutterBugWindowCtrl.obj
 0001:00000050       ?Serialize@CObject@@UAEXAAVCArchive@@@Z 10001050 f i ShutterBugWindow.obj
 0001:00000060       ??0CShutterBugWindowApp@@QAE@XZ 10001060 f i ShutterBugWindow.obj
 0001:00000080       ??1CShutterBugWindowApp@@UAE@XZ 10001080 f i ShutterBugWindow.obj
 0001:00000090       ??_GCShutterBugWindowApp@@UAEPAXI@Z 10001090 f i ShutterBugWindow.obj
 0001:00000090       ??_ECShutterBugWindowApp@@UAEPAXI@Z 10001090 f i ShutterBugWindow.obj
 0001:000000b0       _DllRegisterServer@0       100010b0 f   ShutterBugWindow.obj
 0001:000000f0       ?_AtlVerifyStackAvailable@_ATL_SAFE_ALLOCA_IMPL@ATL@@YA_NK@Z 100010f0 f i ShutterBugWindowCtrl.obj
 0001:00000180       ?_AtlGetThreadACPFake@ATL@@YGIXZ 10001180 f i ShutterBugWindowCtrl.obj
 0001:00000200       ?_AtlGetThreadACPReal@ATL@@YGIXZ 10001200 f i ShutterBugWindowCtrl.obj
 0001:00000210       ?_AtlGetThreadACPThunk@ATL@@YGIXZ 10001210 f i ShutterBugWindowCtrl.obj
 0001:00000280       ?AtlA2WHelper@@YGPA_WPA_WPBDHI@Z 10001280 f i ShutterBugWindowCtrl.obj
 0001:000002c0       ?AtlW2AHelper@@YGPADPADPB_WHI@Z 100012c0 f i ShutterBugWindowCtrl.obj
 0001:00000300       ?AtlThrow@ATL@@YGXJ@Z      10001300 f i ShutterBugWindowCtrl.obj
 0001:00000320       ??0CComCriticalSection@ATL@@QAE@XZ 10001320 f i ShutterBugWindowCtrl.obj
 0001:00000340       ?Init@CComCriticalSection@ATL@@QAEJXZ 10001340 f i ShutterBugWindowCtrl.obj
 0001:000003c0       ?Release@CStringData@ATL@@QAEXXZ 100013c0 f i ShutterBugWindowCtrl.obj
 0001:000003e0       ??1AFX_EXCEPTION_LINK@@QAE@XZ 100013e0 f i ShutterBugWindowCtrl.obj
 0001:000003f0       ??3CObject@@SGXPAX@Z       100013f0 f i ShutterBugWindowCtrl.obj
 0001:00000400       ??1Bitmap@Gdiplus@@UAE@XZ  10001400 f i ShutterBugWindowCtrl.obj
 0001:00000410       ??0Bitmap@Gdiplus@@QAE@PAUIStream@@H@Z 10001410 f i ShutterBugWindowCtrl.obj
 0001:00000460       ??0Bitmap@Gdiplus@@QAE@HHHHPAE@Z 10001460 f i ShutterBugWindowCtrl.obj
 0001:000004b0       ?Init@CInitGDIPlus@CImage@ATL@@QAE_NXZ 100014b0 f i ShutterBugWindowCtrl.obj
 0001:00000510       ?GetDC@CDCCache@CImage@ATL@@QAEPAUHDC__@@XZ 10001510 f i ShutterBugWindowCtrl.obj
 0001:00000540       ?ReleaseDC@CDCCache@CImage@ATL@@QAEXPAUHDC__@@@Z 10001540 f i ShutterBugWindowCtrl.obj
 0001:00000580       ??0CImage@ATL@@QAE@XZ      10001580 f i ShutterBugWindowCtrl.obj
 0001:000005e0       ?SetColorTable@CImage@ATL@@QAEXIIPBUtagRGBQUAD@@@Z 100015e0 f i ShutterBugWindowCtrl.obj
 0001:00000660       ?StretchBlt@CImage@ATL@@QBEHPAUHDC__@@HHHHHHHHK@Z 10001660 f i ShutterBugWindowCtrl.obj
 0001:00000700       ?UpdateBitmapInfo@CImage@ATL@@AAEXW4DIBOrientation@12@@Z 10001700 f i ShutterBugWindowCtrl.obj
 0001:000007d0       ??0CShutterBugWindowCtrlFactory@CShutterBugWindowCtrl@@QAE@ABU_GUID@@PAUCRuntimeClass@@HPBD@Z 100017d0 f i ShutterBugWindowCtrl.obj
 0001:00000800       ?IsRegistered@COleObjectFactory@@UBEHXZ 10001800 f i ShutterBugWindowCtrl.obj
 0001:00000810       ?GetRuntimeClass@CShutterBugWindowCtrl@@UBEPAUCRuntimeClass@@XZ 10001810 f   ShutterBugWindowCtrl.obj
 0001:00000820       ?GetMessageMap@CShutterBugWindowCtrl@@MBEPBUAFX_MSGMAP@@XZ 10001820 f   ShutterBugWindowCtrl.obj
 0001:00000830       ?GetDispatchMap@CShutterBugWindowCtrl@@MBEPBUAFX_DISPMAP@@XZ 10001830 f   ShutterBugWindowCtrl.obj
 0001:00000840       ?GetEventMap@CShutterBugWindowCtrl@@MBEPBUAFX_EVENTMAP@@XZ 10001840 f   ShutterBugWindowCtrl.obj
 0001:00000850       ?GetPropPageIDs@CShutterBugWindowCtrl@@MAEPAU_GUID@@AAK@Z 10001850 f   ShutterBugWindowCtrl.obj
 0001:000008b0       ?GetClassID@CShutterBugWindowCtrl@@UAEJPAU_GUID@@@Z 100018b0 f   ShutterBugWindowCtrl.obj
 0001:000008e0       ?GetTypeLib@CShutterBugWindowCtrl@@MAEJKPAPAUITypeLib@@@Z 100018e0 f   ShutterBugWindowCtrl.obj
 0001:00000910       ?GetTypeLibCache@CShutterBugWindowCtrl@@MAEPAVCTypeLibCache@@XZ 10001910 f   ShutterBugWindowCtrl.obj
 0001:00000920       ?GetUserTypeNameID@CShutterBugWindowCtrl@@MAEIXZ 10001920 f   ShutterBugWindowCtrl.obj
 0001:00000920       ?IsSubclassedControl@CShutterBugWindowCtrl@@MAEHXZ 10001920 f   ShutterBugWindowCtrl.obj
 0001:00000920       ?GetTypeInfoCount@CShutterBugWindowCtrl@@MAEIXZ 10001920 f   ShutterBugWindowCtrl.obj
 0001:00000930       ?GetMiscStatus@CShutterBugWindowCtrl@@MAEKXZ 10001930 f   ShutterBugWindowCtrl.obj
 0001:00000940       ?UpdateRegistry@CShutterBugWindowCtrlFactory@CShutterBugWindowCtrl@@UAEHH@Z 10001940 f   ShutterBugWindowCtrl.obj
 0001:000009a0       ?DoPropExchange@CShutterBugWindowCtrl@@UAEXPAVCPropExchange@@@Z 100019a0 f   ShutterBugWindowCtrl.obj
 0001:00000a10       ?OnResetState@CShutterBugWindowCtrl@@UAEXXZ 10001a10 f   ShutterBugWindowCtrl.obj
 0001:00000a20       ?AboutBox@CShutterBugWindowCtrl@@IAEXXZ 10001a20 f   ShutterBugWindowCtrl.obj
 0001:00000a80       ?PreCreateWindow@CShutterBugWindowCtrl@@UAEHAAUtagCREATESTRUCTA@@@Z 10001a80 f   ShutterBugWindowCtrl.obj
 0001:00000aa0       ?OnOcmCommand@CShutterBugWindowCtrl@@IAEJIJ@Z 10001aa0 f   ShutterBugWindowCtrl.obj
 0001:00000ab0       ?OnDestroy@CShutterBugWindowCtrl@@QAEXXZ 10001ab0 f   ShutterBugWindowCtrl.obj
 0001:00000ae0       ?OnRefreshDelayChanged@CShutterBugWindowCtrl@@IAEXXZ 10001ae0 f   ShutterBugWindowCtrl.obj
 0001:00000ae0       ?OnImageURLChanged@CShutterBugWindowCtrl@@IAEXXZ 10001ae0 f   ShutterBugWindowCtrl.obj
 0001:00000af0       ??_9@$BBOA@AE              10001af0 f i ShutterBugWindowCtrl.obj
 0001:00000b00       ??_9@$BBOE@AE              10001b00 f i ShutterBugWindowCtrl.obj
 0001:00000b10       ??1?$CAtlSafeAllocBufferManager@VCCRTAllocator@ATL@@@_ATL_SAFE_ALLOCA_IMPL@ATL@@QAE@XZ 10001b10 f i ShutterBugWindowCtrl.obj
 0001:00000b30       ?FreeHeap@?$CTempBuffer@D$0IA@VCCRTAllocator@ATL@@@ATL@@AAEXXZ 10001b30 f i ShutterBugWindowCtrl.obj
 0001:00000b40       ?AllocateHeap@?$CTempBuffer@D$0IA@VCCRTAllocator@ATL@@@ATL@@AAEXI@Z 10001b40 f i ShutterBugWindowCtrl.obj
 0001:00000b70       ??_GImage@Gdiplus@@UAEPAXI@Z 10001b70 f i ShutterBugWindowCtrl.obj
 0001:00000b70       ??_EImage@Gdiplus@@UAEPAXI@Z 10001b70 f i ShutterBugWindowCtrl.obj
 0001:00000ba0       ??_GBitmap@Gdiplus@@UAEPAXI@Z 10001ba0 f i ShutterBugWindowCtrl.obj
 0001:00000ba0       ??_EBitmap@Gdiplus@@UAEPAXI@Z 10001ba0 f i ShutterBugWindowCtrl.obj
 0001:00000bc0       ?StretchBlt@CImage@ATL@@QBEHPAUHDC__@@ABUtagRECT@@K@Z 10001bc0 f i ShutterBugWindowCtrl.obj
 0001:00000c00       ??_GCShutterBugWindowCtrlFactory@CShutterBugWindowCtrl@@UAEPAXI@Z 10001c00 f i ShutterBugWindowCtrl.obj
 0001:00000c00       ??_ECShutterBugWindowPropPageFactory@CShutterBugWindowPropPage@@UAEPAXI@Z 10001c00 f i ShutterBugWindowPropPage.obj
 0001:00000c00       ??_GCShutterBugWindowPropPageFactory@CShutterBugWindowPropPage@@UAEPAXI@Z 10001c00 f i ShutterBugWindowPropPage.obj
 0001:00000c00       ??_ECShutterBugWindowCtrlFactory@CShutterBugWindowCtrl@@UAEPAXI@Z 10001c00 f i ShutterBugWindowCtrl.obj
 0001:00000c20       ?Allocate@?$CAtlSafeAllocBufferManager@VCCRTAllocator@ATL@@@_ATL_SAFE_ALLOCA_IMPL@ATL@@QAEPAXK@Z 10001c20 f i ShutterBugWindowCtrl.obj
 0001:00000c50       ??1?$CTempBuffer@D$0IA@VCCRTAllocator@ATL@@@ATL@@QAE@XZ 10001c50 f i ShutterBugWindowCtrl.obj
 0001:00000c60       ?AllocateBytes@?$CTempBuffer@D$0IA@VCCRTAllocator@ATL@@@ATL@@QAEPADI@Z 10001c60 f i ShutterBugWindowCtrl.obj
 0001:00000c90       ??0?$CSimpleStringT@D$0A@@ATL@@QAE@PAUIAtlStringMgr@1@@Z 10001c90 f i ShutterBugWindowCtrl.obj
 0001:00000cb0       ?Clone@Image@Gdiplus@@UAEPAV12@XZ 10001cb0 f i ShutterBugWindowCtrl.obj
 0001:00000d00       ?CreateEx@CImage@ATL@@QAEHHHHKPBKK@Z 10001d00 f i ShutterBugWindowCtrl.obj
 0001:00000e50       ??0?$CStringT@DV?$StrTraitMFC@DV?$ChTraitsCRT@D@ATL@@@@@ATL@@QAE@XZ 10001e50 f i ShutterBugWindowCtrl.obj
 0001:00000e70       ??1?$CSimpleStringT@D$0A@@ATL@@QAE@XZ 10001e70 f i ShutterBugWindowCtrl.obj
 0001:00000e70       ??1?$CStringT@DV?$StrTraitMFC@DV?$ChTraitsCRT@D@ATL@@@@@ATL@@QAE@XZ 10001e70 f i ShutterBugWindowCtrl.obj
 0001:00000e90       ??_GCImage@ATL@@UAEPAXI@Z  10001e90 f i ShutterBugWindowCtrl.obj
 0001:00000e90       ??_ECImage@ATL@@UAEPAXI@Z  10001e90 f i ShutterBugWindowCtrl.obj
 0001:00000eb0       ??1CImage@ATL@@UAE@XZ      10001eb0 f i ShutterBugWindowCtrl.obj
 0001:00000ee0       ?DecreaseCImageCount@CInitGDIPlus@CImage@ATL@@QAEXXZ 10001ee0 f i ShutterBugWindowCtrl.obj
 0001:00000f10       ?ReleaseGDIPlus@CInitGDIPlus@CImage@ATL@@QAEXXZ 10001f10 f i ShutterBugWindowCtrl.obj
 0001:00000f40       ?Detach@CImage@ATL@@QAEPAUHBITMAP__@@XZ 10001f40 f i ShutterBugWindowCtrl.obj
 0001:00000f70       ?CreateFromGdiplusBitmap@CImage@ATL@@AAEJAAVBitmap@Gdiplus@@@Z 10001f70 f i ShutterBugWindowCtrl.obj
 0001:00001270       ??0CShutterBugWindowCtrl@@QAE@XZ 10002270 f   ShutterBugWindowCtrl.obj
 0001:00001310       ?BeginModalState@CWnd@@UAEXXZ 10002310 f i ShutterBugWindowCtrl.obj
 0001:00001320       ?EndModalState@CWnd@@UAEXXZ 10002320 f i ShutterBugWindowCtrl.obj
 0001:00001330       ??1CShutterBugWindowCtrl@@MAE@XZ 10002330 f   ShutterBugWindowCtrl.obj
 0001:000013b0       ?Load@CImage@ATL@@QAEJPAUIStream@@@Z 100023b0 f i ShutterBugWindowCtrl.obj
 0001:00001420       ?CreateObject@CShutterBugWindowCtrl@@SGPAVCObject@@XZ 10002420 f   ShutterBugWindowCtrl.obj
 0001:00001480       ??_ECShutterBugWindowCtrl@@MAEPAXI@Z 10002480 f i ShutterBugWindowCtrl.obj
 0001:00001480       ??_GCShutterBugWindowCtrl@@MAEPAXI@Z 10002480 f i ShutterBugWindowCtrl.obj
 0001:000014a0       ?UpdateWebImage@CShutterBugWindowCtrl@@AAEXXZ 100024a0 f   ShutterBugWindowCtrl.obj
 0001:00001730       ?OnTimer@CShutterBugWindowCtrl@@QAEXI@Z 10002730 f   ShutterBugWindowCtrl.obj
 0001:00001750       ?OnDraw@CShutterBugWindowCtrl@@UAEXPAVCDC@@ABVCRect@@1@Z 10002750 f   ShutterBugWindowCtrl.obj
 0001:00001830       ?OnLButtonDblClk@CShutterBugWindowCtrl@@QAEXIVCPoint@@@Z 10002830 f   ShutterBugWindowCtrl.obj
 0001:00001860       ??0CShutterBugWindowPropPageFactory@CShutterBugWindowPropPage@@QAE@ABU_GUID@@PAUCRuntimeClass@@HPBD@Z 10002860 f i ShutterBugWindowPropPage.obj
 0001:00001890       ??1CShutterBugWindowPropPageFactory@CShutterBugWindowPropPage@@UAE@XZ 10002890 f i ShutterBugWindowPropPage.obj
 0001:00001890       ??1CShutterBugWindowCtrlFactory@CShutterBugWindowCtrl@@UAE@XZ 10002890 f i ShutterBugWindowCtrl.obj
 0001:000018a0       ?GetRuntimeClass@CShutterBugWindowPropPage@@UBEPAUCRuntimeClass@@XZ 100028a0 f   ShutterBugWindowPropPage.obj
 0001:000018b0       ?GetMessageMap@CShutterBugWindowPropPage@@MBEPBUAFX_MSGMAP@@XZ 100028b0 f   ShutterBugWindowPropPage.obj
 0001:000018c0       ?GetClassID@CShutterBugWindowPropPage@@UAEJPAU_GUID@@@Z 100028c0 f   ShutterBugWindowPropPage.obj
 0001:000018f0       ?DoDataExchange@CShutterBugWindowPropPage@@MAEXPAVCDataExchange@@@Z 100028f0 f   ShutterBugWindowPropPage.obj
 0001:00001900       ?Create@CDialog@@UAEHIPAVCWnd@@@Z 10002900 f i ShutterBugWindowPropPage.obj
 0001:00001920       ?CreateObject@CShutterBugWindowPropPage@@SGPAVCObject@@XZ 10002920 f   ShutterBugWindowPropPage.obj
 0001:00001980       ?UpdateRegistry@CShutterBugWindowPropPageFactory@CShutterBugWindowPropPage@@UAEHH@Z 10002980 f   ShutterBugWindowPropPage.obj
 0001:000019c0       ??_GCShutterBugWindowPropPage@@UAEPAXI@Z 100029c0 f i ShutterBugWindowPropPage.obj
 0001:000019c0       ??_ECShutterBugWindowPropPage@@UAEPAXI@Z 100029c0 f i ShutterBugWindowPropPage.obj
 0001:000019e0       ??1CShutterBugWindowPropPage@@UAE@XZ 100029e0 f i ShutterBugWindowPropPage.obj
 0001:000019e5       _RawDllMain@12             100029e5 f   nafxcw:dllmodul.obj
 0001:000019eb       ?AfxTermDllState@@YAXXZ    100029eb f   nafxcw:dllmodul.obj
 0001:000019fe       _DllMain@12                100029fe f   nafxcw:dllmodul.obj
 0001:00001ac7       ?AfxGetMainWnd@@YGPAVCWnd@@XZ 10002ac7 f i nafxcw:appcore.obj
 0001:00001ada       ?SetLength@?$CSimpleStringT@D$0A@@ATL@@AAEXH@Z 10002ada f i nafxcw:appcore.obj
 0001:00001b00       ?ThrowMemoryException@?$CSimpleStringT@D$0A@@ATL@@KAXXZ 10002b00 f i nafxcw:appcore.obj
 0001:00001b0b       ?Reallocate@?$CSimpleStringT@D$0A@@ATL@@AAEXH@Z 10002b0b f i nafxcw:appcore.obj
 0001:00001b33       ?Empty@?$CSimpleStringT@D$0A@@ATL@@QAEXXZ 10002b33 f i nafxcw:appcore.obj
 0001:00001b76       ?Fork@?$CSimpleStringT@D$0A@@ATL@@AAEXH@Z 10002b76 f i nafxcw:appcore.obj
 0001:00001bdd       ?PrepareWrite2@?$CSimpleStringT@D$0A@@ATL@@AAEXH@Z 10002bdd f i nafxcw:appcore.obj
 0001:00001c24       ?PrepareWrite@?$CSimpleStringT@D$0A@@ATL@@AAEPADH@Z 10002c24 f i nafxcw:appcore.obj
 0001:00001c4e       ?SetString@?$CSimpleStringT@D$0A@@ATL@@QAEXPBDH@Z 10002c4e f i nafxcw:appcore.obj
 0001:00001cb5       ?SetString@?$CSimpleStringT@D$0A@@ATL@@QAEXPBD@Z 10002cb5 f i nafxcw:appcore.obj
 0001:00001cda       ?_AtlGetStringResourceImage@ATL@@YAPBUATLSTRINGRESOURCEIMAGE@1@PAUHINSTANCE__@@PAUHRSRC__@@I@Z 10002cda f i nafxcw:appui1.obj
 0001:00001d36       ?AtlGetStringResourceImage@ATL@@YAPBUATLSTRINGRESOURCEIMAGE@1@PAUHINSTANCE__@@I@Z 10002d36 f i nafxcw:appui1.obj
 0001:00001d65       ?GetBaseTypeLength@?$ChTraitsCRT@D@ATL@@SAHPB_WH@Z 10002d65 f i nafxcw:appui1.obj
 0001:00001d82       ?ConvertToBaseType@?$ChTraitsCRT@D@ATL@@SAXPADHPB_WH@Z 10002d82 f i nafxcw:appui1.obj
 0001:00001da5       ?LoadStringA@?$CStringT@DV?$StrTraitMFC@DV?$ChTraitsCRT@D@ATL@@@@@ATL@@QAEHPAUHINSTANCE__@@I@Z 10002da5 f i nafxcw:appui1.obj
 0001:00001dfe       ?LoadStringA@?$CStringT@DV?$StrTraitMFC@DV?$ChTraitsCRT@D@ATL@@@@@ATL@@QAEHI@Z 10002dfe f i nafxcw:appui1.obj
 0001:00001e1e       ?CloneData@?$CSimpleStringT@D$0A@@ATL@@CAPAUCStringData@2@PAU32@@Z 10002e1e f i nafxcw:appui2.obj
 0001:00001e78       ?ReleaseBuffer@?$CSimpleStringT@D$0A@@ATL@@QAEXH@Z 10002e78 f i nafxcw:appui2.obj
 0001:00001e9d       ??0?$CSimpleStringT@D$0A@@ATL@@QAE@ABV01@@Z 10002e9d f i nafxcw:appui2.obj
 0001:00001ebb       ?Append@?$CSimpleStringT@D$0A@@ATL@@QAEXPBDH@Z 10002ebb f i nafxcw:appui2.obj
 0001:00001f07       ?CheckImplicitLoad@?$CStringT@DV?$StrTraitMFC@DV?$ChTraitsCRT@D@ATL@@@@@ATL@@AAE_NPBX@Z 10002f07 f i nafxcw:appui2.obj
 0001:00001f27       ??0?$CStringT@DV?$StrTraitMFC@DV?$ChTraitsCRT@D@ATL@@@@@ATL@@QAE@PBD@Z 10002f27 f i nafxcw:appui2.obj
 0001:00001f72       ??8CPoint@@QBEHUtagPOINT@@@Z 10002f72 f i nafxcw:thrdcore.obj
 0001:00001f8d       _IsEqualGUID               10002f8d f i nafxcw:cmdtarg.obj
 0001:00001fa5       ?ModifyMenuA@CMenu@@QAEHIIIPBD@Z 10002fa5 f i nafxcw:cmdtarg.obj
 0001:00001fc1       ?_AfxRegDeleteKeySucceeded@@YAHJ@Z 10002fc1 f i nafxcw:ctlreg.obj
 0001:00001fdc       ??0?$CSimpleStringT@D$0A@@ATL@@QAE@PBDHPAUIAtlStringMgr@1@@Z 10002fdc f i nafxcw:ctlreg.obj
 0001:00002030       ??4?$CSimpleStringT@D$0A@@ATL@@QAEAAV01@ABV01@@Z 10003030 f i nafxcw:ctlreg.obj
 0001:0000207d       ?AfxOleRegisterControlClass@@YGHPAUHINSTANCE__@@ABU_GUID@@PBDIIHK1GG@Z 1000307d f   nafxcw:ctlreg.obj
 0001:0000235f       ?AfxOleRegisterPropertyPageClass@@YGHPAUHINSTANCE__@@ABU_GUID@@IH@Z 1000335f f   nafxcw:ctlreg.obj
 0001:000024f9       ?_AfxRecursiveRegDeleteKey@@YGJPAUHKEY__@@PAD@Z 100034f9 f   nafxcw:ctlreg.obj
 0001:0000253d       ?_AfxUnregisterInterfaces@@YAXPAUITypeLib@@@Z 1000353d f   nafxcw:ctlreg.obj
 0001:00002635       ?AfxOleRegisterTypeLib@@YGHPAUHINSTANCE__@@ABU_GUID@@PBD2@Z 10003635 f   nafxcw:ctlreg.obj
 0001:0000280e       ?AfxOleUnregisterTypeLib@@YGHABU_GUID@@GGK@Z 1000380e f   nafxcw:ctlreg.obj
 0001:00002afb       ?AfxOleUnregisterClass@@YGHABU_GUID@@PBD@Z 10003afb f   nafxcw:ctlreg.obj
 0001:00002c79       ?AfxOleRegisterPropertyPageClass@@YGHPAUHINSTANCE__@@ABU_GUID@@I@Z 10003c79 f   nafxcw:ctlreg.obj
 0001:00002c8f       ?GetInterfaceMap@COleControl@@MBEPBUAFX_INTERFACEMAP@@XZ 10003c8f f   nafxcw:ctlcore.obj
 0001:00002c95       ?ReleaseCaches@COleControl@@IAEXXZ 10003c95 f   nafxcw:ctlcore.obj
 0001:00002d8b       ?OnFinalRelease@COleControl@@MAEXXZ 10003d8b f   nafxcw:ctlcore.obj
 0001:00002dbd       ?SetInitialSize@COleControl@@QAEXHH@Z 10003dbd f   nafxcw:ctlcore.obj
 0001:00002df8       ?GetDispatchIID@COleControl@@MAEHPAU_GUID@@@Z 10003df8 f   nafxcw:ctlcore.obj
 0001:00002e16       ?InitializeIIDs@COleControl@@QAEXPBU_GUID@@0@Z 10003e16 f   nafxcw:ctlcore.obj
 0001:00002e3e       ?ReparentControlWindow@COleControl@@UAEXPAUHWND__@@0@Z 10003e3e f   nafxcw:ctlcore.obj
 0001:00002e44       ?GetControlSize@COleControl@@QAEXPAH0@Z 10003e44 f   nafxcw:ctlcore.obj
 0001:00002e7f       ?_AfxDrawBorders@@YGXPAVCDC@@AAVCRect@@HH@Z 10003e7f f   nafxcw:ctlcore.obj
 0001:00002edb       ?DrawMetafile@COleControl@@IAEXPAVCDC@@AAVCRect@@@Z 10003edb f   nafxcw:ctlcore.obj
 0001:00002f5c       ?OnDrawMetafile@COleControl@@UAEXPAVCDC@@ABVCRect@@@Z 10003f5c f   nafxcw:ctlcore.obj
 0001:00002f73       ?OnGetViewStatus@COleControl@@UAEKXZ 10003f73 f   nafxcw:ctlview.obj
 0001:00002f73       ?OnCreateAggregates@COleControl@@MAEHXZ 10003f73 f   nafxcw:ctlcore.obj
 0001:00002f77       ?QueryDefHandler@COleControl@@IAEPAXABU_GUID@@@Z 10003f77 f   nafxcw:ctlcore.obj
 0001:00002feb       ?GetOuterWindow@COleControl@@IBEPAVCWnd@@XZ 10003feb f   nafxcw:ctlcore.obj
 0001:00002ff8       ?OnReflectorDestroyed@COleControl@@MAEXXZ 10003ff8 f   nafxcw:ctlcore.obj
 0001:00003000       ?SaveState@COleControl@@IAEJPAUIStream@@@Z 10004000 f   nafxcw:ctlcore.obj
 0001:0000308e       ?SendAdvise@COleControl@@IAEXI@Z 1000408e f   nafxcw:ctlcore.obj
 0001:000031c5       ?OnHide@COleControl@@MAEJXZ 100041c5 f   nafxcw:ctlcore.obj
 0001:000031fd       ?OnOpen@COleControl@@MAEJHPAUtagMSG@@@Z 100041fd f   nafxcw:ctlcore.obj
 0001:0000320e       ?_AfxGetTopLevelWindow@@YGPAUHWND__@@PAU1@@Z 1000420e f   nafxcw:ctlcore.obj
 0001:00003226       ?GetControlFlags@COleControl@@UAEKXZ 10004226 f   nafxcw:ctlcore.obj
 0001:0000322a       ?DoPropExchange@COleControl@@UAEXPAVCPropExchange@@@Z 1000422a f   nafxcw:ctlcore.obj
 0001:00003245       ?AddRef@XOleControl@COleControl@@UAGKXZ 10004245 f   nafxcw:ctlcore.obj
 0001:00003257       ?Release@XOleControl@COleControl@@UAGKXZ 10004257 f   nafxcw:ctlcore.obj
 0001:00003269       ?QueryInterface@XOleControl@COleControl@@UAGJABU_GUID@@PAPAX@Z 10004269 f   nafxcw:ctlcore.obj
 0001:00003283       ?GetControlInfo@XOleControl@COleControl@@UAGJPAUtagCONTROLINFO@@@Z 10004283 f   nafxcw:ctlcore.obj
 0001:0000329e       ?OnMnemonic@XOleControl@COleControl@@UAGJPAUtagMSG@@@Z 1000429e f   nafxcw:ctlcore.obj
 0001:000032b9       ?OnAmbientPropertyChange@XOleControl@COleControl@@UAGJJ@Z 100042b9 f   nafxcw:ctlcore.obj
 0001:00003305       ?FreezeEvents@XOleControl@COleControl@@UAGJH@Z 10004305 f   nafxcw:ctlcore.obj
 0001:00003341       ?OnGetControlInfo@COleControl@@UAEXPAUtagCONTROLINFO@@@Z 10004341 f   nafxcw:ctlcore.obj
 0001:00003354       ?PreModalDialog@COleControl@@QAEXPAUHWND__@@@Z 10004354 f   nafxcw:ctlcore.obj
 0001:00003384       ?PostModalDialog@COleControl@@QAEXPAUHWND__@@@Z 10004384 f   nafxcw:ctlcore.obj
 0001:000033b4       ?SetModifiedFlag@COleControl@@QAEXH@Z 100043b4 f   nafxcw:ctlcore.obj
 0001:000033cc       ?IgnoreWindowMessage@COleControl@@IAEHIIJPAJ@Z 100043cc f   nafxcw:ctlcore.obj
 0001:00003427       ?WindowProc@COleControl@@UAEJIIJ@Z 10004427 f   nafxcw:ctlcore.obj
 0001:00003557       ?DefWindowProcA@COleControl@@MAEJIIJ@Z 10004557 f   nafxcw:ctlcore.obj
 0001:00003567       ?AddRef@XSpecifyPropertyPages@COleControl@@UAGKXZ 10004567 f   nafxcw:ctlcore.obj
 0001:00003579       ?Release@XSpecifyPropertyPages@COleControl@@UAGKXZ 10004579 f   nafxcw:ctlcore.obj
 0001:0000358b       ?QueryInterface@XSpecifyPropertyPages@COleControl@@UAGJABU_GUID@@PAPAX@Z 1000458b f   nafxcw:ctlcore.obj
 0001:000035a5       ?GetPages@XSpecifyPropertyPages@COleControl@@UAGJPAUtagCAUUID@@@Z 100045a5 f   nafxcw:ctlcore.obj
 0001:0000361f       ?OnSetFocus@COleControl@@IAEXPAVCWnd@@@Z 1000461f f   nafxcw:ctlcore.obj
 0001:00003644       ?OnOcmCtlColorBtn@COleControl@@IAEJIJ@Z 10004644 f   nafxcw:ctlcore.obj
 0001:0000365d       ?OnOcmCtlColorDlg@COleControl@@IAEJIJ@Z 1000465d f   nafxcw:ctlcore.obj
 0001:00003676       ?OnOcmCtlColorEdit@COleControl@@IAEJIJ@Z 10004676 f   nafxcw:ctlcore.obj
 0001:0000368f       ?OnOcmCtlColorListBox@COleControl@@IAEJIJ@Z 1000468f f   nafxcw:ctlcore.obj
 0001:000036a8       ?OnOcmCtlColorMsgBox@COleControl@@IAEJIJ@Z 100046a8 f   nafxcw:ctlcore.obj
 0001:000036c1       ?OnOcmCtlColorScrollBar@COleControl@@IAEJIJ@Z 100046c1 f   nafxcw:ctlcore.obj
 0001:000036da       ?OnOcmCtlColorStatic@COleControl@@IAEJIJ@Z 100046da f   nafxcw:ctlcore.obj
 0001:000036f3       ?IsInvokeAllowed@COleControl@@MAEHJ@Z 100046f3 f   nafxcw:ctlcore.obj
 0001:00003702       ??9CSize@@QBEHUtagSIZE@@@Z 10004702 f i nafxcw:ctlcore.obj
 0001:0000371d       ?GetSubMenu@CMenu@@QBEPAV1@H@Z 1000471d f i nafxcw:ctlcore.obj
 0001:00003733       ??1COleDispatchDriver@@QAE@XZ 10004733 f i nafxcw:ctlcore.obj
 0001:00003738       ??0XEventConnPt@COleControl@@QAE@XZ 10004738 f i nafxcw:ctlcore.obj
 0001:00003751       ??0XPropConnPt@COleControl@@QAE@XZ 10004751 f i nafxcw:ctlcore.obj
 0001:0000376a       ?GetIID@XPropConnPt@COleControl@@UAEABU_GUID@@XZ 1000476a f i nafxcw:ctlcore.obj
 0001:00003770       ??1XEventConnPt@COleControl@@UAE@XZ 10004770 f i nafxcw:ctlcore.obj
 0001:00003770       ??1XPropConnPt@COleControl@@UAE@XZ 10004770 f i nafxcw:ctlcore.obj
 0001:00003775       ?_AfxIsEqualGUID@@YAHABU_GUID@@0@Z 10004775 f i nafxcw:ctlcore.obj
 0001:000037a2       ??0CReflectorWnd@@QAE@XZ   100047a2 f i nafxcw:ctlcore.obj
 0001:000037b8       ??0CParkingWnd@@QAE@XZ     100047b8 f i nafxcw:ctlcore.obj
 0001:0000382a       ?_AfxGetParkingWindow@@YGPAUHWND__@@XZ 1000482a f   nafxcw:ctlcore.obj
 0001:000038a6       ?_AfxReleaseParkingWindow@@YGXXZ 100048a6 f   nafxcw:ctlcore.obj
 0001:000038f1       ?GetInterfaceHook@COleControl@@MAEPAUIUnknown@@PBX@Z 100048f1 f   nafxcw:ctlcore.obj
 0001:00003949       ?CreateControlWindow@COleControl@@MAEHPAUHWND__@@ABVCRect@@PBUtagRECT@@@Z 10004949 f   nafxcw:ctlcore.obj
 0001:00003b56       ?DrawContent@COleControl@@IAEXPAVCDC@@AAVCRect@@@Z 10004b56 f   nafxcw:ctlcore.obj
 0001:00003c23       ?GetMetafileData@COleControl@@IAEHPAUtagFORMATETC@@PAUtagSTGMEDIUM@@@Z 10004c23 f   nafxcw:ctlcore.obj
 0001:00003d99       ?InvalidateControl@COleControl@@QAEXPBUtagRECT@@H@Z 10004d99 f   nafxcw:ctlcore.obj
 0001:00003e43       ?OnEdit@COleControl@@UAEHPAUtagMSG@@PAUHWND__@@PBUtagRECT@@@Z 10004e43 f   nafxcw:ctlcore.obj
 0001:00003e71       ?OnProperties@COleControl@@UAEHPAUtagMSG@@PAUHWND__@@PBUtagRECT@@@Z 10004e71 f   nafxcw:ctlcore.obj
 0001:00003f99       ?OnPaint@COleControl@@IAEXPAVCDC@@@Z 10004f99 f   nafxcw:ctlcore.obj
 0001:000040ab       ?OnEraseBkgnd@COleControl@@IAEHPAVCDC@@@Z 100050ab f   nafxcw:ctlcore.obj
 0001:000040ca       ?OnNcCreate@COleControl@@IAEHPAUtagCREATESTRUCTA@@@Z 100050ca f   nafxcw:ctlcore.obj
 0001:000040e8       ?CreateWindowForSubclassedControl@COleControl@@IAEXXZ 100050e8 f   nafxcw:ctlcore.obj
 0001:00004158       ?OnMouseActivate@COleControl@@IAEHPAVCWnd@@II@Z 10005158 f   nafxcw:ctlcore.obj
 0001:00004179       ?OnCreate@COleControl@@IAEHPAUtagCREATESTRUCTA@@@Z 10005179 f   nafxcw:ctlcore.obj
 0001:00004197       ?OnSize@COleControl@@IAEXIHH@Z 10005197 f   nafxcw:ctlcore.obj
 0001:000041b1       ?OnShowWindow@COleControl@@IAEXHI@Z 100051b1 f   nafxcw:ctlcore.obj
 0001:000041b1       ?OnMove@COleControl@@IAEXHH@Z 100051b1 f   nafxcw:ctlcore.obj
 0001:000041cb       ?OnInitMenuPopup@COleControl@@IAEXPAVCMenu@@IH@Z 100051cb f   nafxcw:ctlcore.obj
 0001:000042ea       ?OnMenuSelect@COleControl@@IAEXIIPAUHMENU__@@@Z 100052ea f   nafxcw:ctlcore.obj
 0001:00004397       ?OnEnterIdle@COleControl@@IAEXIPAVCWnd@@@Z 10005397 f   nafxcw:ctlcore.obj
 0001:000043c0       ?OnDestroy@COleControl@@IAEXXZ 100053c0 f   nafxcw:ctlcore.obj
 0001:000043ff       ?OnKillFocus@COleControl@@IAEXPAVCWnd@@@Z 100053ff f   nafxcw:ctlcore.obj
 0001:00004420       ?ThrowError@COleControl@@QAEXJPBDI@Z 10005420 f   nafxcw:ctlcore.obj
 0001:00004469       ??_GXPropConnPt@COleControl@@UAEPAXI@Z 10005469 f i nafxcw:ctlcore.obj
 0001:00004469       ??_GXEventConnPt@COleControl@@UAEPAXI@Z 10005469 f i nafxcw:ctlcore.obj
 0001:00004469       ??_EXEventConnPt@COleControl@@UAEPAXI@Z 10005469 f i nafxcw:ctlcore.obj
 0001:00004469       ??_EXPropConnPt@COleControl@@UAEPAXI@Z 10005469 f i nafxcw:ctlcore.obj
 0001:00004485       ??_ECReflectorWnd@@UAEPAXI@Z 10005485 f i nafxcw:ctlcore.obj
 0001:00004485       ??_GCReflectorWnd@@UAEPAXI@Z 10005485 f i nafxcw:ctlcore.obj
 0001:000044a1       ??1CReflectorWnd@@UAE@XZ   100054a1 f i nafxcw:ctlcore.obj
 0001:000044a6       ??_GCParkingWnd@@UAEPAXI@Z 100054a6 f i nafxcw:ctlcore.obj
 0001:000044a6       ??_ECParkingWnd@@UAEPAXI@Z 100054a6 f i nafxcw:ctlcore.obj
 0001:000044c2       ??1CParkingWnd@@UAE@XZ     100054c2 f i nafxcw:ctlcore.obj
 0001:000044f7       ?DoSuperclassPaint@COleControl@@QAEXPAVCDC@@ABVCRect@@@Z 100054f7 f   nafxcw:ctlcore.obj
 0001:000045cd       ?OnResetState@COleControl@@UAEXXZ 100055cd f   nafxcw:ctlcore.obj
 0001:000045fa       ?Serialize@COleControl@@MAEXAAVCArchive@@@Z 100055fa f   nafxcw:ctlcore.obj
 0001:0000463e       ?OnSetClientSite@COleControl@@UAEXXZ 1000563e f   nafxcw:ctlcore.obj
 0001:00004679       ?ThrowError@COleControl@@QAEXJII@Z 10005679 f   nafxcw:ctlcore.obj
 0001:000046bf       ??1COleControl@@UAE@XZ     100056bf f   nafxcw:ctlcore.obj
 0001:0000478e       ?LoadState@COleControl@@IAEJPAUIStream@@@Z 1000578e f   nafxcw:ctlcore.obj
 0001:00004869       ?OnSetMessageString@COleControl@@IAEJIJ@Z 10005869 f   nafxcw:ctlcore.obj
 0001:0000492e       ?GetMessageString@COleControl@@UBEXIAAV?$CStringT@DV?$StrTraitMFC@DV?$ChTraitsCRT@D@ATL@@@@@ATL@@@Z 1000592e f   nafxcw:ctlcore.obj
 0001:00004972       ??0COleControl@@QAE@XZ     10005972 f   nafxcw:ctlcore.obj
 0001:00004b80       ??0COleException@@QAE@XZ   10005b80 f i nafxcw:olemisc.obj
 0001:00004b96       ?AtlDevModeW2A@@YGPAU_devicemodeA@@PAU1@PBU_devicemodeW@@@Z 10005b96 f i nafxcw:olemisc.obj
 0001:00004c36       ??_GCOleException@@UAEPAXI@Z 10005c36 f i nafxcw:olemisc.obj
 0001:00004c36       ??_ECOleException@@UAEPAXI@Z 10005c36 f i nafxcw:olemisc.obj
 0001:00004c52       ??1COleException@@UAE@XZ   10005c52 f i nafxcw:olemisc.obj
 0001:00004c59       ?AppendChar@?$CSimpleStringT@D$0A@@ATL@@QAEXD@Z 10005c59 f i nafxcw:olemisc.obj
 0001:00004c81       ??1CMemoryException@@UAE@XZ 10005c81 f i nafxcw:except.obj
 0001:00004c88       ??1CNotSupportedException@@UAE@XZ 10005c88 f i nafxcw:except.obj
 0001:00004c8f       ??1CInvalidArgException@@UAE@XZ 10005c8f f i nafxcw:except.obj
 0001:00004c96       ??0CSimpleException@@QAE@H@Z 10005c96 f i nafxcw:except.obj
 0001:00004cae       ??_ECMemoryException@@UAEPAXI@Z 10005cae f i nafxcw:except.obj
 0001:00004cae       ??_GCMemoryException@@UAEPAXI@Z 10005cae f i nafxcw:except.obj
 0001:00004cca       ??0CMemoryException@@QAE@HI@Z 10005cca f i nafxcw:except.obj
 0001:00004cec       ??_GCNotSupportedException@@UAEPAXI@Z 10005cec f i nafxcw:except.obj
 0001:00004cec       ??_ECNotSupportedException@@UAEPAXI@Z 10005cec f i nafxcw:except.obj
 0001:00004d08       ??0CNotSupportedException@@QAE@HI@Z 10005d08 f i nafxcw:except.obj
 0001:00004d2a       ??_ECInvalidArgException@@UAEPAXI@Z 10005d2a f i nafxcw:except.obj
 0001:00004d2a       ??_GCInvalidArgException@@UAEPAXI@Z 10005d2a f i nafxcw:except.obj
 0001:00004d46       ??0CInvalidArgException@@QAE@HI@Z 10005d46 f i nafxcw:except.obj
 0001:00004d68       ?GetNext@CPtrList@@QAEAAPAXAAPAU__POSITION@@@Z 10005d68 f i nafxcw:wincore.obj
 0001:00004d81       ??3CObject@@SGXPAX0@Z      10005d81 f i nafxcw:wincore.obj
 0001:00004d8e       _IsPlatformNT              10005d8e f   nafxcw:wincore.obj
 0001:00004ddb       _InitMultipleMonitorStubs  10005ddb f   nafxcw:wincore.obj
 0001:00004ed5       _xMonitorFromRect@8        10005ed5 f   nafxcw:wincore.obj
 0001:00004f21       _xMonitorFromWindow@8      10005f21 f   nafxcw:wincore.obj
 0001:00004f8c       _xGetMonitorInfo@8         10005f8c f   nafxcw:wincore.obj
 0001:00005021       ?AtlIAccessibleInvokeHelper@ATL@@YGJPAUIAccessible@@JABU_GUID@@KGPAUtagDISPPARAMS@@PAUtagVARIANT@@PAUtagEXCEPINFO@@PAI@Z 10006021 f   nafxcw:wincore.obj
 0001:00005608       ?AtlIAccessibleGetIDsOfNamesHelper@ATL@@YGJABU_GUID@@PAPA_WIKPAJ@Z 10006608 f   nafxcw:wincore.obj
 0001:00005668       ??1CWaitCursor@@QAE@XZ     10006668 f i nafxcw:wincore.obj
 0001:00005675       ?GetWindow@CWnd@@QBEPAV1@I@Z 10006675 f i nafxcw:wincore.obj
 0001:0000568b       ?FinalRelease@CAccessibleProxy@ATL@@QAEJXZ 1000668b f i nafxcw:wincore.obj
 0001:000056a0       ?AtlInternalQueryInterface@ATL@@YGJPAXPBU_ATL_INTMAP_ENTRY@1@ABU_GUID@@PAPAX@Z 100066a0 f i nafxcw:wincore.obj
 0001:0000576e       ?GetOwner@CWnd@@QBEPAV1@XZ 1000676e f i nafxcw:wincore.obj
 0001:00005785       ?GetBufferSetLength@?$CSimpleStringT@D$0A@@ATL@@QAEPADH@Z 10006785 f i nafxcw:wincore.obj
 0001:000057a6       ??0CTypeLibCacheMap@@QAE@XZ 100067a6 f i nafxcw:oletyplb.obj
 0001:000057ba       ?Lock@CTypeLibCache@@QAEXXZ 100067ba f   nafxcw:oletyplb.obj
 0001:000057ce       ?Lookup@CTypeLibCache@@QAEHKPAPAUITypeLib@@@Z 100067ce f   nafxcw:oletyplb.obj
 0001:000057ff       ?Cache@CTypeLibCache@@QAEXKPAUITypeLib@@@Z 100067ff f   nafxcw:oletyplb.obj
 0001:00005842       ?LookupTypeInfo@CTypeLibCache@@QAEHKABU_GUID@@PAPAUITypeInfo@@@Z 10006842 f   nafxcw:oletyplb.obj
 0001:00005890       ?CacheTypeInfo@CTypeLibCache@@QAEXKABU_GUID@@PAUITypeInfo@@@Z 10006890 f   nafxcw:oletyplb.obj
 0001:000058c6       ?EnableTypeLib@CCmdTarget@@QAEXXZ 100068c6 f   nafxcw:oletyplb.obj
 0001:000058eb       ?GetTypeInfoOfGuid@CCmdTarget@@QAEJKABU_GUID@@PAPAUITypeInfo@@@Z 100068eb f   nafxcw:oletyplb.obj
 0001:00005a41       ?AfxGetTypeLibCache@@YGPAVCTypeLibCache@@PBU_GUID@@@Z 10006a41 f   nafxcw:oletyplb.obj
 0001:00005b12       ??_GCTypeLibCacheMap@@UAEPAXI@Z 10006b12 f i nafxcw:oletyplb.obj
 0001:00005b12       ??_ECTypeLibCacheMap@@UAEPAXI@Z 10006b12 f i nafxcw:oletyplb.obj
 0001:00005b2e       ??1CTypeLibCacheMap@@UAE@XZ 10006b2e f i nafxcw:oletyplb.obj
 0001:00005b33       ?_AfxInitBlob@@YGHPAPAXPAX@Z 10006b33 f   nafxcw:ctlpropx.obj
 0001:00005b87       ?_AfxCopyBlob@@YGHPAPAXPAX@Z 10006b87 f   nafxcw:ctlpropx.obj
 0001:00005bb4       ?_AfxPeekAtClassIDInStream@@YGHPAUIStream@@PAU_GUID@@@Z 10006bb4 f   nafxcw:ctlpropx.obj
 0001:00005bed       ?_AfxIsSameUnknownObject@@YGHABU_GUID@@PAUIUnknown@@1@Z 10006bed f   nafxcw:ctlpropx.obj
 0001:00005c59       ?ExchangeBlobProp@CResetPropExchange@@UAEHPBDPAPAXPAX@Z 10006c59 f   nafxcw:ctlpropx.obj
 0001:00005c86       ?ExchangePersistentProp@CResetPropExchange@@UAEHPBDPAPAUIUnknown@@ABU_GUID@@PAU2@@Z 10006c86 f   nafxcw:ctlpropx.obj
 0001:00005cb3       ?ExchangeFontProp@CResetPropExchange@@UAEHPBDAAVCFontHolder@@PBUtagFONTDESC@@PAUIFontDisp@@@Z 10006cb3 f   nafxcw:ctlpropx.obj
 0001:00005cca       ?ExchangeVersion@CAsyncPropExchange@@UAEHAAKKH@Z 10006cca f   nafxcw:ctlpropx.obj
 0001:00005cfe       ?GetBaseTypeLength@?$ChTraitsCRT@D@ATL@@SAHPB_W@Z 10006cfe f i nafxcw:ctlpropx.obj
 0001:00005d1a       ?FreeHeap@?$CTempBuffer@_W$0IA@VCCRTAllocator@ATL@@@ATL@@AAEXXZ 10006d1a f i nafxcw:ctlpropx.obj
 0001:00005d23       ?AllocateHeap@?$CTempBuffer@_W$0IA@VCCRTAllocator@ATL@@@ATL@@AAEXI@Z 10006d23 f i nafxcw:ctlpropx.obj
 0001:00005d44       ?_AfxGetArchiveStream@@YGPAUIStream@@AAVCArchive@@AAVCArchiveStream@@@Z 10006d44 f   nafxcw:ctlpropx.obj
 0001:00005d75       ??0CArchivePropExchange@@QAE@AAVCArchive@@@Z 10006d75 f   nafxcw:ctlpropx.obj
 0001:00005d98       ??0CResetPropExchange@@QAE@XZ 10006d98 f   nafxcw:ctlpropx.obj
 0001:00005db0       ??0CAsyncPropExchange@@QAE@K@Z 10006db0 f   nafxcw:ctlpropx.obj
 0001:00005dcb       ?PX_Short@@YAHPAVCPropExchange@@PBDAAFF@Z 10006dcb f   nafxcw:ctlpropx.obj
 0001:00005dee       ?PX_Long@@YAHPAVCPropExchange@@PBDAAJ@Z 10006dee f   nafxcw:ctlpropx.obj
 0001:00005dee       ?PX_ULong@@YAHPAVCPropExchange@@PBDAAK@Z 10006dee f   nafxcw:ctlpropx.obj
 0001:00005e0e       ?PX_Color@@YAHPAVCPropExchange@@PBDAAKK@Z 10006e0e f   nafxcw:ctlpropx.obj
 0001:00005e0e       ?PX_Long@@YAHPAVCPropExchange@@PBDAAJJ@Z 10006e0e f   nafxcw:ctlpropx.obj
 0001:00005e0e       ?PX_ULong@@YAHPAVCPropExchange@@PBDAAKK@Z 10006e0e f   nafxcw:ctlpropx.obj
 0001:00005e31       ?PX_Bool@@YAHPAVCPropExchange@@PBDAAHH@Z 10006e31 f   nafxcw:ctlpropx.obj
 0001:00005e54       ?PX_String@@YAHPAVCPropExchange@@PBDAAV?$CStringT@DV?$StrTraitMFC@DV?$ChTraitsCRT@D@ATL@@@@@ATL@@1@Z 10006e54 f   nafxcw:ctlpropx.obj
 0001:00005e76       ?PX_Font@@YAHPAVCPropExchange@@PBDAAVCFontHolder@@PBUtagFONTDESC@@PAUIFontDisp@@@Z 10006e76 f   nafxcw:ctlpropx.obj
 0001:00005e9a       ??6CArchive@@QAEAAV0@E@Z   10006e9a f i nafxcw:ctlpropx.obj
 0001:00005ed2       ??6CArchive@@QAEAAV0@G@Z   10006ed2 f i nafxcw:ctlpropx.obj
 0001:00005f0e       ??6CArchive@@QAEAAV0@K@Z   10006f0e f i nafxcw:ctlpropx.obj
 0001:00005f0e       ??6CArchive@@QAEAAV0@J@Z   10006f0e f i nafxcw:ctlpropx.obj
 0001:00005f0e       ??6CArchive@@QAEAAV0@M@Z   10006f0e f i nafxcw:ctlpropx.obj
 0001:00005f49       ??6CArchive@@QAEAAV0@N@Z   10006f49 f i nafxcw:ctlpropx.obj
 0001:00005f84       ??5CArchive@@QAEAAV0@AAE@Z 10006f84 f i nafxcw:ctlpropx.obj
 0001:00005fc3       ??5CArchive@@QAEAAV0@AAG@Z 10006fc3 f i nafxcw:ctlpropx.obj
 0001:00006006       ??5CArchive@@QAEAAV0@AAK@Z 10007006 f i nafxcw:ctlpropx.obj
 0001:00006006       ??5CArchive@@QAEAAV0@AAJ@Z 10007006 f i nafxcw:ctlpropx.obj
 0001:00006048       ??5CArchive@@QAEAAV0@AAM@Z 10007048 f i nafxcw:ctlpropx.obj
 0001:0000608a       ??5CArchive@@QAEAAV0@AAN@Z 1000708a f i nafxcw:ctlpropx.obj
 0001:000060cc       ??1?$CTempBuffer@_W$0IA@VCCRTAllocator@ATL@@@ATL@@QAE@XZ 100070cc f i nafxcw:ctlpropx.obj
 0001:000060d9       ?AllocateBytes@?$CTempBuffer@_W$0IA@VCCRTAllocator@ATL@@@ATL@@QAEPA_WI@Z 100070d9 f i nafxcw:ctlpropx.obj
 0001:000060fc       ?ExchangeExtent@COleControl@@QAEHPAVCPropExchange@@@Z 100070fc f   nafxcw:ctlpropx.obj
 0001:00006181       ?ExchangeVersion@CPropExchange@@UAEHAAKKH@Z 10007181 f   nafxcw:ctlpropx.obj
 0001:000061d2       ??_GCResetPropExchange@@UAEPAXI@Z 100071d2 f i nafxcw:ctlpropx.obj
 0001:000061d2       ??_ECResetPropExchange@@UAEPAXI@Z 100071d2 f i nafxcw:ctlpropx.obj
 0001:000061d2       ??_ECArchivePropExchange@@UAEPAXI@Z 100071d2 f i nafxcw:ctlpropx.obj
 0001:000061d2       ??_GCAsyncPropExchange@@UAEPAXI@Z 100071d2 f i nafxcw:ctlpropx.obj
 0001:000061d2       ??_GCArchivePropExchange@@UAEPAXI@Z 100071d2 f i nafxcw:ctlpropx.obj
 0001:000061d2       ??_ECAsyncPropExchange@@UAEPAXI@Z 100071d2 f i nafxcw:ctlpropx.obj
 0001:000061ee       ?ExchangeBlobProp@CArchivePropExchange@@UAEHPBDPAPAXPAX@Z 100071ee f   nafxcw:ctlpropx.obj
 0001:0000628a       ?ExchangePersistentProp@CArchivePropExchange@@UAEHPBDPAPAUIUnknown@@ABU_GUID@@PAU2@@Z 1000728a f   nafxcw:ctlpropx.obj
 0001:000064ff       ?ExchangeFontProp@CArchivePropExchange@@UAEHPBDAAVCFontHolder@@PBUtagFONTDESC@@PAUIFontDisp@@@Z 100074ff f   nafxcw:ctlpropx.obj
 0001:000065e7       ??4?$CStringT@DV?$StrTraitMFC@DV?$ChTraitsCRT@D@ATL@@@@@ATL@@QAEAAV01@PB_W@Z 100075e7 f i nafxcw:ctlpropx.obj
 0001:00006631       ?_AfxCopyPropValue@@YGHGPAXPBX@Z 10007631 f   nafxcw:ctlpropx.obj
 0001:000066ce       ?ExchangeProp@CResetPropExchange@@UAEHPBDGPAXPBX@Z 100076ce f   nafxcw:ctlpropx.obj
 0001:000066e2       ?ExchangeProp@CArchivePropExchange@@UAEHPBDGPAXPBX@Z 100076e2 f   nafxcw:ctlpropx.obj
 0001:00006848       ??_9@$BBEM@AE              10007848 f i nafxcw:dlgcore.obj
 0001:00006850       ??_9@$BBFA@AE              10007850 f i nafxcw:dlgcore.obj
 0001:00006858       ??0_AFXCTL_UIACTIVE_INFO@@QAE@PAUHMENU__@@PAUIOleInPlaceFrame@@@Z 10007858 f   nafxcw:ctlinplc.obj
 0001:000068c5       ??1_AFXCTL_UIACTIVE_INFO@@QAE@XZ 100078c5 f   nafxcw:ctlinplc.obj
 0001:000068e6       ?_GetClippingCoordinates@@YGXPBUtagRECT@@0PAU1@PAUtagPOINT@@@Z 100078e6 f   nafxcw:ctlinplc.obj
 0001:0000694d       ?BuildSharedMenu@COleControl@@MAEHXZ 1000794d f   nafxcw:ctlinplc.obj
 0001:000069ec       ?AddFrameLevelUI@COleControl@@MAEXXZ 100079ec f   nafxcw:ctlinplc.obj
 0001:00006a1e       ?RemoveFrameLevelUI@COleControl@@MAEXXZ 10007a1e f   nafxcw:ctlinplc.obj
 0001:00006a4e       ?OnShowToolBars@COleControl@@UAEXXZ 10007a4e f   nafxcw:ctlinplc.obj
 0001:00006a5d       ?AddRef@XOleInPlaceObject@COleControl@@UAGKXZ 10007a5d f   nafxcw:ctlinplc.obj
 0001:00006a6f       ?Release@XOleInPlaceObject@COleControl@@UAGKXZ 10007a6f f   nafxcw:ctlinplc.obj
 0001:00006a81       ?QueryInterface@XOleInPlaceObject@COleControl@@UAGJABU_GUID@@PAPAX@Z 10007a81 f   nafxcw:ctlinplc.obj
 0001:00006a9b       ?GetWindow@XOleInPlaceObject@COleControl@@UAGJPAPAUHWND__@@@Z 10007a9b f   nafxcw:ctlinplc.obj
 0001:00006ad1       ?UIDeactivate@XOleInPlaceObject@COleControl@@UAGJXZ 10007ad1 f   nafxcw:ctlinplc.obj
 0001:00006b42       ?SetObjectRects@XOleInPlaceObject@COleControl@@UAGJPBUtagRECT@@0@Z 10007b42 f   nafxcw:ctlinplc.obj
 0001:00006b6d       ?ReactivateAndUndo@XOleInPlaceObject@COleControl@@UAGJXZ 10007b6d f   nafxcw:ctlinplc.obj
 0001:00006b75       ?AddRef@XOleInPlaceActiveObject@COleControl@@UAGKXZ 10007b75 f   nafxcw:ctlinplc.obj
 0001:00006b87       ?Release@XOleInPlaceActiveObject@COleControl@@UAGKXZ 10007b87 f   nafxcw:ctlinplc.obj
 0001:00006b99       ?QueryInterface@XOleInPlaceActiveObject@COleControl@@UAGJABU_GUID@@PAPAX@Z 10007b99 f   nafxcw:ctlinplc.obj
 0001:00006bb3       ?GetWindow@XOleInPlaceActiveObject@COleControl@@UAGJPAPAUHWND__@@@Z 10007bb3 f   nafxcw:ctlinplc.obj
 0001:00006bc7       ?Unfreeze@XViewObject@COleControl@@UAGJK@Z 10007bc7 f   nafxcw:ctlview.obj
 0001:00006bc7       ?ContextSensitiveHelp@XOleInPlaceObject@COleControl@@UAGJH@Z 10007bc7 f   nafxcw:ctlinplc.obj
 0001:00006bc7       ?SetColorScheme@XOleObject@COleControl@@UAGJPAUtagLOGPALETTE@@@Z 10007bc7 f   nafxcw:ctlobj.obj
 0001:00006bc7       ?GetSizeMax@XPersistStreamInit@COleControl@@UAGJPAT_ULARGE_INTEGER@@@Z 10007bc7 f   nafxcw:ctlpstm.obj
 0001:00006bc7       ?ContextSensitiveHelp@XOleInPlaceActiveObject@COleControl@@UAGJH@Z 10007bc7 f   nafxcw:ctlinplc.obj
 0001:00006bc7       ?ContextSensitiveHelp@CAccessibleProxy@ATL@@UAGJH@Z 10007bc7 f   nafxcw:wincore.obj
 0001:00006bc7       ?GetSizeMax@XPersistMemory@COleControl@@UAGJPAK@Z 10007bc7 f   nafxcw:ctlpstm.obj
 0001:00006bcf       ?TranslateAcceleratorA@XOleInPlaceActiveObject@COleControl@@UAGJPAUtagMSG@@@Z 10007bcf f   nafxcw:ctlinplc.obj
 0001:00006c1a       ?OnDocWindowActivate@XOleInPlaceActiveObject@COleControl@@UAGJH@Z 10007c1a f   nafxcw:ctlinplc.obj
 0001:00006c4b       ?ExchangeProp@CAsyncPropExchange@@UAEHPBDGPAXPBX@Z 10007c4b f   nafxcw:ctlpropx.obj
 0001:00006c4b       ?ResizeBorder@XOleInPlaceActiveObject@COleControl@@UAGJPBUtagRECT@@PAUIOleInPlaceUIWindow@@H@Z 10007c4b f   nafxcw:ctlinplc.obj
 0001:00006c4b       ?ExchangeFontProp@CAsyncPropExchange@@UAEHPBDAAVCFontHolder@@PBUtagFONTDESC@@PAUIFontDisp@@@Z 10007c4b f   nafxcw:ctlpropx.obj
 0001:00006c4b       ?ExchangePersistentProp@CAsyncPropExchange@@UAEHPBDPAPAUIUnknown@@ABU_GUID@@PAU2@@Z 10007c4b f   nafxcw:ctlpropx.obj
 0001:00006c50       ?OnFrameWindowActivate@XOleInPlaceActiveObject@COleControl@@UAGJH@Z 10007c50 f   nafxcw:ctlinplc.obj
 0001:00006c50       ?GetWindow@CAccessibleProxy@ATL@@UAGJPAPAUHWND__@@@Z 10007c50 f   nafxcw:wincore.obj
 0001:00006c50       ?OnRequestEdit@XPropNotifySink@COlePropertyPage@@UAGJJ@Z 10007c50 f   nafxcw:ctlppg.obj
 0001:00006c50       ?OnRenderFileData@COleControl@@UAEHPAUtagFORMATETC@@PAVCFile@@@Z 10007c50 f   nafxcw:ctldata.obj
 0001:00006c50       ?OnRenderGlobalData@COleControl@@UAEHPAUtagFORMATETC@@PAPAX@Z 10007c50 f   nafxcw:ctldata.obj
 0001:00006c50       ?EnableModeless@XOleInPlaceActiveObject@COleControl@@UAGJH@Z 10007c50 f   nafxcw:ctlinplc.obj
 0001:00006c50       ?OnRequestEdit@XFontNotification@COleControl@@UAGJJ@Z 10007c50 f   nafxcw:ctlprop.obj
 0001:00006c55       ?IsChild@CWnd@@QBEHPBV1@@Z 10007c55 f i nafxcw:ctlinplc.obj
 0001:00006c6d       ?ForwardActivationMsg@COleControl@@IAEXPAUtagMSG@@@Z 10007c6d f   nafxcw:ctlinplc.obj
 0001:00006d39       ?DestroySharedMenu@COleControl@@MAEXXZ 10007d39 f   nafxcw:ctlinplc.obj
 0001:00006da1       ?InPlaceDeactivate@XOleInPlaceObject@COleControl@@UAGJXZ 10007da1 f   nafxcw:ctlinplc.obj
 0001:00006e2c       ?OnSetObjectRects@COleControl@@UAEHPBUtagRECT@@0@Z 10007e2c f   nafxcw:ctlinplc.obj
 0001:00006f27       ?OnActivateInPlace@COleControl@@MAEJHPAUtagMSG@@@Z 10007f27 f   nafxcw:ctlinplc.obj
 0001:000072cf       ?_AfxRegisterClipFormat@@YGGABU_GUID@@@Z 100082cf f   nafxcw:ctldata.obj
 0001:0000733c       ?_AfxGetClipboardFormatConvertVBX@@YGGXZ 1000833c f   nafxcw:ctldata.obj
 0001:00007358       ?_AfxGetClipboardFormatPersistPropset@@YGGXZ 10008358 f   nafxcw:ctldata.obj
 0001:00007374       ?_AfxOleMatchPropsetClipFormat@@YGHGPAU_GUID@@@Z 10008374 f   nafxcw:ctldata.obj
 0001:000073ae       ?AddRef@XDataObject@COleControl@@UAGKXZ 100083ae f   nafxcw:ctldata.obj
 0001:000073c0       ?Release@XDataObject@COleControl@@UAGKXZ 100083c0 f   nafxcw:ctldata.obj
 0001:000073d2       ?QueryInterface@XDataObject@COleControl@@UAGJABU_GUID@@PAPAX@Z 100083d2 f   nafxcw:ctldata.obj
 0001:000073ec       ?DAdvise@XDataObject@COleControl@@UAGJPAUtagFORMATETC@@KPAUIAdviseSink@@PAK@Z 100083ec f   nafxcw:ctldata.obj
 0001:0000742f       ?DUnadvise@XDataObject@COleControl@@UAGJK@Z 1000842f f   nafxcw:ctldata.obj
 0001:00007450       ?EnumDAdvise@XDataObject@COleControl@@UAGJPAPAUIEnumSTATDATA@@@Z 10008450 f   nafxcw:ctldata.obj
 0001:00007475       ??0CControlDataSource@COleControl@@QAE@PAV1@@Z 10008475 f   nafxcw:ctldata.obj
 0001:00007497       ?OnRenderGlobalData@CControlDataSource@COleControl@@MAEHPAUtagFORMATETC@@PAPAX@Z 10008497 f   nafxcw:ctldata.obj
 0001:000074a2       ?OnRenderFileData@CControlDataSource@COleControl@@MAEHPAUtagFORMATETC@@PAVCFile@@@Z 100084a2 f   nafxcw:ctldata.obj
 0001:000074ad       ?OnRenderData@CControlDataSource@COleControl@@MAEHPAUtagFORMATETC@@PAUtagSTGMEDIUM@@@Z 100084ad f   nafxcw:ctldata.obj
 0001:000074df       ?OnSetData@CControlDataSource@COleControl@@MAEHPAUtagFORMATETC@@PAUtagSTGMEDIUM@@H@Z 100084df f   nafxcw:ctldata.obj
 0001:000074ea       ?OnRenderData@COleControl@@UAEHPAUtagFORMATETC@@PAUtagSTGMEDIUM@@@Z 100084ea f   nafxcw:ctldata.obj
 0001:00007548       ?OnSetData@COleControl@@UAEHPAUtagFORMATETC@@PAUtagSTGMEDIUM@@H@Z 10008548 f   nafxcw:ctldata.obj
 0001:000075a8       ?SetInitialDataFormats@COleControl@@MAEXXZ 100085a8 f   nafxcw:ctldata.obj
 0001:00007637       ??_GCControlDataSource@COleControl@@UAEPAXI@Z 10008637 f i nafxcw:ctldata.obj
 0001:00007637       ??_ECControlDataSource@COleControl@@UAEPAXI@Z 10008637 f i nafxcw:ctldata.obj
 0001:00007653       ??1CControlDataSource@COleControl@@UAE@XZ 10008653 f i nafxcw:ctldata.obj
 0001:00007658       ?GetDataSource@COleControl@@IAEPAVCControlDataSource@1@XZ 10008658 f   nafxcw:ctldata.obj
 0001:000076d7       ?GetData@XDataObject@COleControl@@UAGJPAUtagFORMATETC@@PAUtagSTGMEDIUM@@@Z 100086d7 f   nafxcw:ctldata.obj
 0001:00007705       ?GetDataHere@XDataObject@COleControl@@UAGJPAUtagFORMATETC@@PAUtagSTGMEDIUM@@@Z 10008705 f   nafxcw:ctldata.obj
 0001:00007733       ?QueryGetData@XDataObject@COleControl@@UAGJPAUtagFORMATETC@@@Z 10008733 f   nafxcw:ctldata.obj
 0001:0000775d       ?GetCanonicalFormatEtc@XDataObject@COleControl@@UAGJPAUtagFORMATETC@@0@Z 1000875d f   nafxcw:ctldata.obj
 0001:0000778b       ?SetData@XDataObject@COleControl@@UAGJPAUtagFORMATETC@@PAUtagSTGMEDIUM@@H@Z 1000878b f   nafxcw:ctldata.obj
 0001:000077bd       ?EnumFormatEtc@XDataObject@COleControl@@UAGJKPAPAUIEnumFORMATETC@@@Z 100087bd f   nafxcw:ctldata.obj
 0001:000077eb       ?GetRuntimeClass@CWindowlessDC@@UBEPAUCRuntimeClass@@XZ 100087eb f   nafxcw:ctlnownd.obj
 0001:000077f1       ?GetClientOffset@COleControl@@UBEXPAJ0@Z 100087f1 f   nafxcw:ctlnownd.obj
 0001:00007849       ?ClientToParent@COleControl@@UBEXPBUtagRECT@@PAUtagPOINT@@@Z 10008849 f   nafxcw:ctlnownd.obj
 0001:00007878       ?AddRef@XPointerInactive@COleControl@@UAGKXZ 10008878 f   nafxcw:ctlnownd.obj
 0001:0000788a       ?Release@XPointerInactive@COleControl@@UAGKXZ 1000888a f   nafxcw:ctlnownd.obj
 0001:0000789c       ?QueryInterface@XPointerInactive@COleControl@@UAGJABU_GUID@@PAPAX@Z 1000889c f   nafxcw:ctlnownd.obj
 0001:000078b6       ?GetActivationPolicy@XPointerInactive@COleControl@@UAGJPAK@Z 100088b6 f   nafxcw:ctlnownd.obj
 0001:000078d3       ?OnInactiveSetCursor@XPointerInactive@COleControl@@UAGJPBUtagRECT@@JJKH@Z 100088d3 f   nafxcw:ctlnownd.obj
 0001:000078ff       ?OnInactiveMouseMove@XPointerInactive@COleControl@@UAGJPBUtagRECT@@JJK@Z 100088ff f   nafxcw:ctlnownd.obj
 0001:00007925       ?OnGetInPlaceMenu@COleControl@@UAEPAUHMENU__@@XZ 10008925 f   nafxcw:ctlinplc.obj
 0001:00007925       ?GetActivationPolicy@COleControl@@UAEKXZ 10008925 f   nafxcw:ctlnownd.obj
 0001:00007925       ?GetWindowlessDropTarget@COleControl@@UAEPAUIDropTarget@@XZ 10008925 f   nafxcw:ctlnownd.obj
 0001:00007928       ?OnWindowMessage@XOleInPlaceObject@COleControl@@UAGJIIJPAJ@Z 10008928 f   nafxcw:ctlnownd.obj
 0001:00007951       ?GetDropTarget@XOleInPlaceObject@COleControl@@UAGJPAPAUIDropTarget@@@Z 10008951 f   nafxcw:ctlnownd.obj
 0001:0000797a       ?ReleaseCapture@COleControl@@QAEHXZ 1000897a f   nafxcw:ctlnownd.obj
 0001:000079a6       ??1CGdiObject@@UAE@XZ      100089a6 f i nafxcw:ctlnownd.obj
 0001:000079a6       ??1CRgn@@UAE@XZ            100089a6 f i nafxcw:ctlnownd.obj
 0001:000079a6       ??1CBrush@@UAE@XZ          100089a6 f i nafxcw:wingdi.obj
 0001:000079b1       ?GetViewportOrg@CDC@@QBE?AVCPoint@@XZ 100089b1 f i nafxcw:ctlnownd.obj
 0001:000079d5       ??0CWindowlessDC@@QAE@PAUHDC__@@AAVCPoint@@@Z 100089d5 f   nafxcw:ctlnownd.obj
 0001:00007a46       ?PtVisible@CDC@@UBEHHH@Z   10008a46 f i nafxcw:ctlnownd.obj
 0001:00007a5a       ?RectVisible@CDC@@UBEHPBUtagRECT@@@Z 10008a5a f i nafxcw:ctlnownd.obj
 0001:00007a6a       ?TextOutA@CDC@@UAEHHHPBDH@Z 10008a6a f i nafxcw:ctlnownd.obj
 0001:00007a86       ?ExtTextOutA@CDC@@UAEHHHIPBUtagRECT@@PBDIPAH@Z 10008a86 f i nafxcw:ctlnownd.obj
 0001:00007aab       ?TabbedTextOutA@CDC@@UAE?AVCSize@@HHPBDHHPAHH@Z 10008aab f i nafxcw:ctlnownd.obj
 0001:00007ae3       ?DrawTextA@CDC@@UAEHPBDHPAUtagRECT@@I@Z 10008ae3 f i nafxcw:ctlnownd.obj
 0001:00007aff       ?DrawTextExA@CDC@@UAEHPADHPAUtagRECT@@IPAUtagDRAWTEXTPARAMS@@@Z 10008aff f i nafxcw:ctlnownd.obj
 0001:00007b1e       ?GrayStringA@CDC@@UAEHPAVCBrush@@P6GHPAUHDC__@@JH@ZJHHHHH@Z 10008b1e f i nafxcw:ctlnownd.obj
 0001:00007b4e       ?Escape@CDC@@UAEHHHPBDPAX@Z 10008b4e f i nafxcw:ctlnownd.obj
 0001:00007b6a       ??_ECWindowlessDC@@UAEPAXI@Z 10008b6a f i nafxcw:ctlnownd.obj
 0001:00007b6a       ??_GCWindowlessDC@@UAEPAXI@Z 10008b6a f i nafxcw:ctlnownd.obj
 0001:00007b86       ??1CWindowlessDC@@UAE@XZ   10008b86 f i nafxcw:ctlnownd.obj
 0001:00007b8b       ?Detach@CWindowlessDC@@QAEPAUHDC__@@XZ 10008b8b f   nafxcw:ctlnownd.obj
 0001:00007bb3       ?ParentToClient@COleControl@@UBEIPBUtagRECT@@PAUtagPOINT@@H@Z 10008bb3 f   nafxcw:ctlnownd.obj
 0001:00007c4a       ?OnInactiveSetCursor@COleControl@@UAEHPBUtagRECT@@JJKH@Z 10008c4a f   nafxcw:ctlnownd.obj
 0001:00007cba       ?OnInactiveMouseMove@COleControl@@UAEXPBUtagRECT@@JJK@Z 10008cba f   nafxcw:ctlnownd.obj
 0001:00007d08       ?OnWindowlessMessage@COleControl@@UAEHIIJPAJ@Z 10008d08 f   nafxcw:ctlnownd.obj
 0001:00007d76       ?GetCapture@COleControl@@QAEPAVCWnd@@XZ 10008d76 f   nafxcw:ctlnownd.obj
 0001:00007daf       ?GetFocus@COleControl@@QAEPAVCWnd@@XZ 10008daf f   nafxcw:ctlnownd.obj
 0001:00007de8       ?GetDC@COleControl@@QAEPAVCDC@@PBUtagRECT@@K@Z 10008de8 f   nafxcw:ctlnownd.obj
 0001:00007ee1       ?ReleaseDC@COleControl@@QAEHPAVCDC@@@Z 10008ee1 f   nafxcw:ctlnownd.obj
 0001:00007f45       ?GetClientRect@COleControl@@UBEXPAUtagRECT@@@Z 10008f45 f   nafxcw:ctlnownd.obj
 0001:00007fc4       ?SetCapture@COleControl@@QAEPAVCWnd@@XZ 10008fc4 f   nafxcw:ctlnownd.obj
 0001:00008005       ?SetFocus@COleControl@@QAEPAVCWnd@@XZ 10009005 f   nafxcw:ctlnownd.obj
 0001:0000803d       ?InitStockPropMask@COleControl@@IAEXXZ 1000903d f   nafxcw:ctlprop.obj
 0001:000080a2       ?_AfxToggleBorderStyle@@YGXPAVCWnd@@@Z 100090a2 f   nafxcw:ctlprop.obj
 0001:000080dc       ?_AfxToggleAppearance@@YGXPAVCWnd@@@Z 100090dc f   nafxcw:ctlprop.obj
 0001:00008116       ?GetBorderStyle@COleControl@@QAEFXZ 10009116 f   nafxcw:ctlprop.obj
 0001:0000811e       ?InternalGetFont@COleControl@@QAEAAVCFontHolder@@XZ 1000911e f   nafxcw:ctlprop.obj
 0001:00008125       ?OnBorderStyleChanged@COleControl@@UAEXXZ 10009125 f   nafxcw:ctlprop.obj
 0001:00008125       ?OnBackColorChanged@COleControl@@UAEXXZ 10009125 f   nafxcw:ctlprop.obj
 0001:00008125       ?OnTextChanged@COleControl@@UAEXXZ 10009125 f   nafxcw:ctlprop.obj
 0001:00008125       ?OnForeColorChanged@COleControl@@UAEXXZ 10009125 f   nafxcw:ctlprop.obj
 0001:00008125       ?OnAppearanceChanged@COleControl@@UAEXXZ 10009125 f   nafxcw:ctlprop.obj
 0001:00008125       ?OnEnabledChanged@COleControl@@UAEXXZ 10009125 f   nafxcw:ctlprop.obj
 0001:0000812f       ?QueryInterface@XFontNotification@COleControl@@UAGJABU_GUID@@PAPAX@Z 1000912f f   nafxcw:ctlprop.obj
 0001:0000816d       ?_GetI4Property@@YGHPAUIDispatch@@JPAK@Z 1000916d f   nafxcw:ctlprop.obj
 0001:00008225       ?GetAmbientDispatchDriver@COleControl@@IAEPAVCOleDispatchDriver@@XZ 10009225 f   nafxcw:ctlprop.obj
 0001:00008265       ?BoundPropertyChanged@COleControl@@QAEXJ@Z 10009265 f   nafxcw:ctlprop.obj
 0001:000082a1       ?BoundPropertyRequestEdit@COleControl@@QAEHJ@Z 100092a1 f   nafxcw:ctlprop.obj
 0001:000082e8       ?SetNotPermitted@COleControl@@QAEXXZ 100092e8 f   nafxcw:ctlprop.obj
 0001:000082fa       ?AddRef@XPerPropertyBrowsing@COleControl@@UAGKXZ 100092fa f   nafxcw:ctlprop.obj
 0001:0000830c       ?Release@XPerPropertyBrowsing@COleControl@@UAGKXZ 1000930c f   nafxcw:ctlprop.obj
 0001:0000831e       ?QueryInterface@XPerPropertyBrowsing@COleControl@@UAGJABU_GUID@@PAPAX@Z 1000931e f   nafxcw:ctlprop.obj
 0001:00008338       ?MapPropertyToPage@XPerPropertyBrowsing@COleControl@@UAGJJPAU_GUID@@@Z 10009338 f   nafxcw:ctlprop.obj
 0001:000083ad       ?OnMapPropertyToPage@COleControl@@UAEHJPAU_GUID@@PAH@Z 100093ad f   nafxcw:ctlprop.obj
 0001:000083f2       ?_AfxCopyString@@YGPA_WPBD@Z 100093f2 f i nafxcw:ctlprop.obj
 0001:00008432       ?GetPredefinedValue@XPerPropertyBrowsing@COleControl@@UAGJJKPAUtagVARIANT@@@Z 10009432 f   nafxcw:ctlprop.obj
 0001:00008461       ?OnGetPredefinedValue@COleControl@@UAEHJKPAUtagVARIANT@@@Z 10009461 f   nafxcw:ctlprop.obj
 0001:00008499       ?ElementAt@CPtrArray@@QAEAAPAXH@Z 10009499 f i nafxcw:ctlppg.obj
 0001:00008499       ?GetAt@CStringArray@@QBEABV?$CStringT@DV?$StrTraitMFC@DV?$ChTraitsCRT@D@ATL@@@@@ATL@@H@Z 10009499 f i nafxcw:ctlprop.obj
 0001:000084b5       ?OnFontChanged@COleControl@@UAEXXZ 100094b5 f   nafxcw:ctlprop.obj
 0001:00008557       ?OnChanged@XFontNotification@COleControl@@UAGJJ@Z 10009557 f   nafxcw:ctlprop.obj
 0001:00008585       ?GetPredefinedStrings@XPerPropertyBrowsing@COleControl@@UAGJJPAUtagCALPOLESTR@@PAUtagCADWORD@@@Z 10009585 f   nafxcw:ctlprop.obj
 0001:000086bf       ?GetAmbientProperty@COleControl@@QAEHJGPAX@Z 100096bf f   nafxcw:ctlprop.obj
 0001:00008809       ?AmbientAppearance@COleControl@@QAEFXZ 10009809 f   nafxcw:ctlprop.obj
 0001:0000882a       ?AmbientBackColor@COleControl@@QAEKXZ 1000982a f   nafxcw:ctlprop.obj
 0001:00008852       ?AmbientDisplayName@COleControl@@QAE?AV?$CStringT@DV?$StrTraitMFC@DV?$ChTraitsCRT@D@ATL@@@@@ATL@@XZ 10009852 f   nafxcw:ctlprop.obj
 0001:000088b5       ?AmbientFont@COleControl@@QAEPAUIFontDisp@@XZ 100098b5 f   nafxcw:ctlprop.obj
 0001:000088d5       ?AmbientForeColor@COleControl@@QAEKXZ 100098d5 f   nafxcw:ctlprop.obj
 0001:000088fd       ?AmbientLocaleID@COleControl@@QAEKXZ 100098fd f   nafxcw:ctlprop.obj
 0001:0000891d       ?AmbientUIDead@COleControl@@QAEHXZ 1000991d f   nafxcw:ctlprop.obj
 0001:0000893d       ?AmbientShowGrabHandles@COleControl@@QAEHXZ 1000993d f   nafxcw:ctlprop.obj
 0001:00008961       ?AmbientShowHatching@COleControl@@QAEHXZ 10009961 f   nafxcw:ctlprop.obj
 0001:00008985       ?GetDisplayString@XPerPropertyBrowsing@COleControl@@UAGJJPAPA_W@Z 10009985 f   nafxcw:ctlprop.obj
 0001:000089fe       ?InternalGetText@COleControl@@QAEABV?$CStringT@DV?$StrTraitMFC@DV?$ChTraitsCRT@D@ATL@@@@@ATL@@XZ 100099fe f   nafxcw:ctlprop.obj
 0001:00008a75       ?OnGetDisplayString@COleControl@@UAEHJAAV?$CStringT@DV?$StrTraitMFC@DV?$ChTraitsCRT@D@ATL@@@@@ATL@@@Z 10009a75 f   nafxcw:ctlprop.obj
 0001:00008ae6       ?OnGetPredefinedStrings@COleControl@@UAEHJPAVCStringArray@@PAVCDWordArray@@@Z 10009ae6 f   nafxcw:ctlprop.obj
 0001:00008bc0       ?OnSetText@COleControl@@IAEJIJ@Z 10009bc0 f   nafxcw:ctlprop.obj
 0001:00008ccb       ?SetText@COleControl@@QAEXPBD@Z 10009ccb f   nafxcw:ctlprop.obj
 0001:00008cfd       ?ExchangeStockProps@COleControl@@QAEXPAVCPropExchange@@@Z 10009cfd f   nafxcw:ctlprop.obj
 0001:00008fab       ?AddRef@XOleObject@COleControl@@UAGKXZ 10009fab f   nafxcw:ctlobj.obj
 0001:00008fbd       ?Release@XOleObject@COleControl@@UAGKXZ 10009fbd f   nafxcw:ctlobj.obj
 0001:00008fcf       ?QueryInterface@XOleObject@COleControl@@UAGJABU_GUID@@PAPAX@Z 10009fcf f   nafxcw:ctlobj.obj
 0001:00008fe9       ?SetClientSite@XOleObject@COleControl@@UAGJPAUIOleClientSite@@@Z 10009fe9 f   nafxcw:ctlobj.obj
 0001:0000911c       ?GetClientSite@XOleObject@COleControl@@UAGJPAPAUIOleClientSite@@@Z 1000a11c f   nafxcw:ctlobj.obj
 0001:00009148       ?Close@XOleObject@COleControl@@UAGJK@Z 1000a148 f   nafxcw:ctlobj.obj
 0001:00009163       ?OnClose@COleControl@@UAEXK@Z 1000a163 f   nafxcw:ctlobj.obj
 0001:000091a8       ?SetMoniker@XOleObject@COleControl@@UAGJKPAUIMoniker@@@Z 1000a1a8 f   nafxcw:ctlobj.obj
 0001:000091a8       ?GetClipboardData@XOleObject@COleControl@@UAGJKPAPAUIDataObject@@@Z 1000a1a8 f   nafxcw:ctlobj.obj
 0001:000091b0       ?DoVerb@XOleObject@COleControl@@UAGJJPAUtagMSG@@PAUIOleClientSite@@JPAUHWND__@@PBUtagRECT@@@Z 1000a1b0 f   nafxcw:ctlobj.obj
 0001:000092ed       ?OnDoVerb@COleControl@@UAEHJPAUtagMSG@@PAUHWND__@@PBUtagRECT@@@Z 1000a2ed f   nafxcw:ctlobj.obj
 0001:000092f2       ?EnumVerbs@XOleObject@COleControl@@UAGJPAPAUIEnumOLEVERB@@@Z 1000a2f2 f   nafxcw:ctlobj.obj
 0001:00009319       ?OnEnumVerbs@COleControl@@UAEHPAPAUIEnumOLEVERB@@@Z 1000a319 f   nafxcw:ctlobj.obj
 0001:0000931e       ?GetUserClassID@XOleObject@COleControl@@UAGJPAU_GUID@@@Z 1000a31e f   nafxcw:ctlobj.obj
 0001:00009337       ?GetUserType@COleControl@@IAEXPAD@Z 1000a337 f   nafxcw:ctlobj.obj
 0001:00009385       ?SetExtent@XOleObject@COleControl@@UAGJKPAUtagSIZE@@@Z 1000a385 f   nafxcw:ctlobj.obj
 0001:000093ba       ?GetExtent@XOleObject@COleControl@@UAGJKPAUtagSIZE@@@Z 1000a3ba f   nafxcw:ctlobj.obj
 0001:000093e6       ?Advise@XOleObject@COleControl@@UAGJPAUIAdviseSink@@PAK@Z 1000a3e6 f   nafxcw:ctlobj.obj
 0001:00009412       ?Unadvise@XOleObject@COleControl@@UAGJK@Z 1000a412 f   nafxcw:ctlobj.obj
 0001:00009433       ?EnumAdvise@XOleObject@COleControl@@UAGJPAPAUIEnumSTATDATA@@@Z 1000a433 f   nafxcw:ctlobj.obj
 0001:00009454       ?GetMiscStatus@XOleObject@COleControl@@UAGJKPAK@Z 1000a454 f   nafxcw:ctlobj.obj
 0001:00009481       ?AtlAllocTaskWideString@ATL@@YAPA_WPBD@Z 1000a481 f i nafxcw:ctlobj.obj
 0001:000094cc       ?GetUserType@XOleObject@COleControl@@UAGJKPAPA_W@Z 1000a4cc f   nafxcw:ctlobj.obj
 0001:00009512       ?OnSetExtent@COleControl@@UAEHPAUtagSIZE@@@Z 1000a512 f   nafxcw:ctlobj.obj
 0001:000095e7       ?ExchangeBlobProp@CAsyncPropExchange@@UAEHPBDPAPAXPAX@Z 1000a5e7 f   nafxcw:ctlpropx.obj
 0001:000095e7       ?SetHostNames@XOleObject@COleControl@@UAGJPB_W0@Z 1000a5e7 f   nafxcw:ctlobj.obj
 0001:000095e7       ?OnGetColorSet@COleControl@@UAEHPAUtagDVTARGETDEVICE@@PAUHDC__@@PAPAUtagLOGPALETTE@@@Z 1000a5e7 f   nafxcw:ctlview.obj
 0001:000095ec       ?OnGetViewExtent@COleControl@@UAEHKJPAUtagDVTARGETDEVICE@@PAUtagSIZE@@@Z 1000a5ec f   nafxcw:ctlview.obj
 0001:0000961a       ?OnGetViewRect@COleControl@@UAEHKPAU_RECTL@@@Z 1000a61a f   nafxcw:ctlview.obj
 0001:00009651       ?OnQueryHitPoint@COleControl@@UAEHKPBUtagRECT@@UtagPOINT@@JPAK@Z 1000a651 f   nafxcw:ctlview.obj
 0001:0000966b       ?OnQueryHitRect@COleControl@@UAEHKPBUtagRECT@@0JPAK@Z 1000a66b f   nafxcw:ctlview.obj
 0001:00009685       ?OnGetNaturalExtent@COleControl@@UAEHKJPAUtagDVTARGETDEVICE@@PAUHDC__@@PAUtagExtentInfo@@PAUtagSIZE@@@Z 1000a685 f   nafxcw:ctlview.obj
 0001:0000968a       ?AddRef@XViewObject@COleControl@@UAGKXZ 1000a68a f   nafxcw:ctlview.obj
 0001:0000969c       ?Release@XViewObject@COleControl@@UAGKXZ 1000a69c f   nafxcw:ctlview.obj
 0001:000096ae       ?QueryInterface@XViewObject@COleControl@@UAGJABU_GUID@@PAPAX@Z 1000a6ae f   nafxcw:ctlview.obj
 0001:000096c8       ?GetColorSet@XViewObject@COleControl@@UAGJKJPAXPAUtagDVTARGETDEVICE@@PAUHDC__@@PAPAUtagLOGPALETTE@@@Z 1000a6c8 f   nafxcw:ctlview.obj
 0001:00009704       ?Freeze@XViewObject@COleControl@@UAGJKJPAXPAK@Z 1000a704 f   nafxcw:ctlview.obj
 0001:0000970c       ?GetAdvise@XViewObject@COleControl@@UAGJPAK0PAPAUIAdviseSink@@@Z 1000a70c f   nafxcw:ctlview.obj
 0001:00009772       ?GetExtent@XViewObject@COleControl@@UAGJKJPAUtagDVTARGETDEVICE@@PAUtagSIZE@@@Z 1000a772 f   nafxcw:ctlview.obj
 0001:000097a4       ?GetRect@XViewObject@COleControl@@UAGJKPAU_RECTL@@@Z 1000a7a4 f   nafxcw:ctlview.obj
 0001:000097cf       ?GetViewStatus@XViewObject@COleControl@@UAGJPAK@Z 1000a7cf f   nafxcw:ctlview.obj
 0001:000097ec       ?QueryHitPoint@XViewObject@COleControl@@UAGJKPBUtagRECT@@UtagPOINT@@JPAK@Z 1000a7ec f   nafxcw:ctlview.obj
 0001:00009824       ?QueryHitRect@XViewObject@COleControl@@UAGJKPBUtagRECT@@0JPAK@Z 1000a824 f   nafxcw:ctlview.obj
 0001:00009859       ?GetNaturalExtent@XViewObject@COleControl@@UAGJKJPAUtagDVTARGETDEVICE@@PAUHDC__@@PAUtagExtentInfo@@PAUtagSIZE@@@Z 1000a859 f   nafxcw:ctlview.obj
 0001:00009891       ?Draw@XViewObject@COleControl@@UAGJKJPAXPAUtagDVTARGETDEVICE@@PAUHDC__@@2PBU_RECTL@@3P6GHK@ZK@Z 1000a891 f   nafxcw:ctlview.obj
 0001:00009a26       ?SetAdvise@XViewObject@COleControl@@UAGJKKPAUIAdviseSink@@@Z 1000aa26 f   nafxcw:ctlview.obj
 0001:00009ac3       ?InitStockEventMask@COleControl@@IAEXXZ 1000aac3 f   nafxcw:ctlevent.obj
 0001:00009b34       ?_AfxShiftState@@YGFXZ     1000ab34 f   nafxcw:ctlevent.obj
 0001:00009b6d       ?OnMnemonic@COleControl@@UAEXPAUtagMSG@@@Z 1000ab6d f   nafxcw:ctlcore.obj
 0001:00009b6d       ?OnAmbientPropertyChange@COleControl@@UAEXJ@Z 1000ab6d f   nafxcw:ctlcore.obj
 0001:00009b6d       ?OnAdvise@CConnectionPoint@@UAEXH@Z 1000ab6d f   nafxcw:oleconn.obj
 0001:00009b6d       ?OnKeyPressEvent@COleControl@@UAEXG@Z 1000ab6d f   nafxcw:ctlevent.obj
 0001:00009b6d       ?OnFreezeEvents@COleControl@@UAEXH@Z 1000ab6d f   nafxcw:ctlcore.obj
 0001:00009b6d       ?OnEventAdvise@COleControl@@UAEXH@Z 1000ab6d f   nafxcw:ctlconn.obj
 0001:00009b70       ?OnKeyDownEvent@COleControl@@UAEXGG@Z 1000ab70 f   nafxcw:ctlevent.obj
 0001:00009b70       ?OnKeyUpEvent@COleControl@@UAEXGG@Z 1000ab70 f   nafxcw:ctlevent.obj
 0001:00009b73       ?DisplayError@COleControl@@UAEXJPBD00I@Z 1000ab73 f   nafxcw:ctlevent.obj
 0001:00009b85       ?FireEventV@COleControl@@IAEXJPAEPAD@Z 1000ab85 f   nafxcw:ctlevent.obj
 0001:00009c32       ?FireEvent@COleControl@@QAAXJPAEZZ 1000ac32 f   nafxcw:ctlevent.obj
 0001:00009c49       ?_AfxPostTrailByte@@YGXPAVCWnd@@E@Z 1000ac49 f   nafxcw:ctlevent.obj
 0001:00009cae       ?OnGetDlgCode@COleControl@@IAEIXZ 1000acae f   nafxcw:ctlevent.obj
 0001:00009ce5       ?OnCancelMode@COleControl@@IAEXXZ 1000ace5 f   nafxcw:ctlevent.obj
 0001:00009d0f       ?FireKeyDown@COleControl@@QAEXPAGF@Z 1000ad0f f i nafxcw:ctlevent.obj
 0001:00009d2f       ?FireKeyUp@COleControl@@QAEXPAGF@Z 1000ad2f f i nafxcw:ctlevent.obj
 0001:00009d4f       ?FireKeyPress@COleControl@@QAEXPAG@Z 1000ad4f f i nafxcw:ctlevent.obj
 0001:00009d69       ?FireMouseDown@COleControl@@QAEXFFJJ@Z 1000ad69 f i nafxcw:ctlevent.obj
 0001:00009d93       ?FireMouseUp@COleControl@@QAEXFFJJ@Z 1000ad93 f i nafxcw:ctlevent.obj
 0001:00009dbd       ?FireMouseMove@COleControl@@QAEXFFJJ@Z 1000adbd f i nafxcw:ctlevent.obj
 0001:00009de7       ?KeyUp@COleControl@@IAEXPAG@Z 1000ade7 f   nafxcw:ctlevent.obj
 0001:00009e2c       ?KeyDown@COleControl@@IAEXPAG@Z 1000ae2c f   nafxcw:ctlevent.obj
 0001:00009e71       ?OnChar@COleControl@@IAEXIII@Z 1000ae71 f   nafxcw:ctlevent.obj
 0001:00009fe1       ?ButtonDown@COleControl@@IAEXGIVCPoint@@@Z 1000afe1 f   nafxcw:ctlevent.obj
 0001:0000a065       ?ButtonUp@COleControl@@IAEXGIVCPoint@@@Z 1000b065 f   nafxcw:ctlevent.obj
 0001:0000a128       ?ButtonDblClk@COleControl@@IAEXGIVCPoint@@@Z 1000b128 f   nafxcw:ctlevent.obj
 0001:0000a19b       ?OnMouseMove@COleControl@@IAEXIVCPoint@@@Z 1000b19b f   nafxcw:ctlevent.obj
 0001:0000a1e5       ?OnButtonDown@COleControl@@IAEXGIVCPoint@@@Z 1000b1e5 f   nafxcw:ctlevent.obj
 0001:0000a220       ?OnButtonUp@COleControl@@IAEXGIVCPoint@@@Z 1000b220 f   nafxcw:ctlevent.obj
 0001:0000a292       ?OnButtonDblClk@COleControl@@IAEXGIVCPoint@@@Z 1000b292 f   nafxcw:ctlevent.obj
 0001:0000a2bf       ?OnClick@COleControl@@UAEXG@Z 1000b2bf f   nafxcw:ctlevent.obj
 0001:0000a2e6       ?OnSysKeyDown@COleControl@@IAEXIII@Z 1000b2e6 f   nafxcw:ctlevent.obj
 0001:0000a333       ?OnSysKeyUp@COleControl@@IAEXIII@Z 1000b333 f   nafxcw:ctlevent.obj
 0001:0000a380       ?OnKeyDown@COleControl@@IAEXIII@Z 1000b380 f   nafxcw:ctlevent.obj
 0001:0000a3cd       ?OnKeyUp@COleControl@@IAEXIII@Z 1000b3cd f   nafxcw:ctlevent.obj
 0001:0000a41a       ?OnLButtonDown@COleControl@@IAEXIVCPoint@@@Z 1000b41a f   nafxcw:ctlevent.obj
 0001:0000a430       ?OnLButtonUp@COleControl@@IAEXIVCPoint@@@Z 1000b430 f   nafxcw:ctlevent.obj
 0001:0000a446       ?OnLButtonDblClk@COleControl@@IAEXIVCPoint@@@Z 1000b446 f   nafxcw:ctlevent.obj
 0001:0000a45c       ?OnMButtonDown@COleControl@@IAEXIVCPoint@@@Z 1000b45c f   nafxcw:ctlevent.obj
 0001:0000a472       ?OnMButtonUp@COleControl@@IAEXIVCPoint@@@Z 1000b472 f   nafxcw:ctlevent.obj
 0001:0000a488       ?OnMButtonDblClk@COleControl@@IAEXIVCPoint@@@Z 1000b488 f   nafxcw:ctlevent.obj
 0001:0000a49e       ?OnRButtonDown@COleControl@@IAEXIVCPoint@@@Z 1000b49e f   nafxcw:ctlevent.obj
 0001:0000a4b4       ?OnRButtonUp@COleControl@@IAEXIVCPoint@@@Z 1000b4b4 f   nafxcw:ctlevent.obj
 0001:0000a4ca       ?OnRButtonDblClk@COleControl@@IAEXIVCPoint@@@Z 1000b4ca f   nafxcw:ctlevent.obj
 0001:0000a4e0       ?GetConnectionMap@COleControl@@MBEPBUAFX_CONNECTIONMAP@@XZ 1000b4e0 f   nafxcw:ctlconn.obj
 0001:0000a4e6       ?AddRef@XProvideClassInfo@COleControl@@UAGKXZ 1000b4e6 f   nafxcw:ctlconn.obj
 0001:0000a4f8       ?Release@XProvideClassInfo@COleControl@@UAGKXZ 1000b4f8 f   nafxcw:ctlconn.obj
 0001:0000a50a       ?QueryInterface@XProvideClassInfo@COleControl@@UAGJABU_GUID@@PAPAX@Z 1000b50a f   nafxcw:ctlconn.obj
 0001:0000a524       ?GetClassInfoA@XProvideClassInfo@COleControl@@UAGJPAPAUITypeInfo@@@Z 1000b524 f   nafxcw:ctlconn.obj
 0001:0000a56c       ?GetGUID@XProvideClassInfo@COleControl@@UAGJKPAU_GUID@@@Z 1000b56c f   nafxcw:ctlconn.obj
 0001:0000a59a       ?OnAdvise@XEventConnPt@COleControl@@UAEXH@Z 1000b59a f   nafxcw:ctlconn.obj
 0001:0000a5a8       ?GetIID@XEventConnPt@COleControl@@UAEABU_GUID@@XZ 1000b5a8 f   nafxcw:ctlconn.obj
 0001:0000a5b8       ?QuerySinkInterface@XEventConnPt@COleControl@@UAEJPAUIUnknown@@PAPAX@Z 1000b5b8 f   nafxcw:ctlconn.obj
 0001:0000a5e5       ?AfxConnectionAdvise@@YGHPAUIUnknown@@ABU_GUID@@0HPAK@Z 1000b5e5 f   nafxcw:ctlconn.obj
 0001:0000a655       ?AfxConnectionUnadvise@@YGHPAUIUnknown@@ABU_GUID@@0HK@Z 1000b655 f   nafxcw:ctlconn.obj
 0001:0000a6d0       ?GetConnectionHook@COleControl@@MAEPAUIConnectionPoint@@ABU_GUID@@@Z 1000b6d0 f   nafxcw:ctlconn.obj
 0001:0000a6f8       ?GetExtraConnectionPoints@COleControl@@MAEHPAVCPtrArray@@@Z 1000b6f8 f   nafxcw:ctlconn.obj
 0001:0000a711       ??0CTime@ATL@@QAE@HHHHHHH@Z 1000b711 f i nafxcw:inet.obj
 0001:0000a771       ??0CTime@ATL@@QAE@ABU_SYSTEMTIME@@H@Z 1000b771 f i nafxcw:inet.obj
 0001:0000a7c9       ??0CTime@ATL@@QAE@ABU_FILETIME@@H@Z 1000b7c9 f i nafxcw:inet.obj
 0001:0000a827       ?Init@CCriticalSection@@AAEHXZ 1000b827 f i nafxcw:inet.obj
 0001:0000a85d       ??0CCriticalSection@@QAE@XZ 1000b85d f i nafxcw:inet.obj
 0001:0000a89e       ?Unlock@CSyncObject@@UAEHJPAJ@Z 1000b89e f i nafxcw:inet.obj
 0001:0000a8a4       ??1CCriticalSection@@UAE@XZ 1000b8a4 f i nafxcw:inet.obj
 0001:0000a8bf       ?Lock@CCriticalSection@@QAEHXZ 1000b8bf f i nafxcw:inet.obj
 0001:0000a8f2       ?Lock@CCriticalSection@@UAEHK@Z 1000b8f2 f i nafxcw:inet.obj
 0001:0000a8fa       ?Unlock@CCriticalSection@@UAEHXZ 1000b8fa f i nafxcw:inet.obj
 0001:0000a908       ??_GCCriticalSection@@UAEPAXI@Z 1000b908 f i nafxcw:inet.obj
 0001:0000a908       ??_ECCriticalSection@@UAEPAXI@Z 1000b908 f i nafxcw:inet.obj
 0001:0000a924       ??_GCGopherLocator@@UAEPAXI@Z 1000b924 f i nafxcw:inet.obj
 0001:0000a924       ??_ECGopherLocator@@UAEPAXI@Z 1000b924 f i nafxcw:inet.obj
 0001:0000a940       ?SetFilePath@CFile@@UAEXPBD@Z 1000b940 f i nafxcw:inet.obj
 0001:0000a955       ??1CFileException@@UAE@XZ  1000b955 f i nafxcw:olestrm.obj
 0001:0000a966       ??_ECFileException@@UAEPAXI@Z 1000b966 f i nafxcw:olestrm.obj
 0001:0000a966       ??_GCFileException@@UAEPAXI@Z 1000b966 f i nafxcw:olestrm.obj
 0001:0000a982       ??0CFileException@@QAE@HJPBD@Z 1000b982 f i nafxcw:olestrm.obj
 0001:0000a9d5       ?GetInterfaceMap@COlePropertyPage@@MBEPBUAFX_INTERFACEMAP@@XZ 1000b9d5 f   nafxcw:ctlppg.obj
 0001:0000a9db       ?OnInitDialog@COlePropertyPage@@UAEHXZ 1000b9db f   nafxcw:ctlppg.obj
 0001:0000a9e3       ?CleanupObjectArray@COlePropertyPage@@IAEXXZ 1000b9e3 f   nafxcw:ctlppg.obj
 0001:0000aa7b       ?OnFinalRelease@COlePropertyPage@@MAEXXZ 1000ba7b f   nafxcw:ctlppg.obj
 0001:0000aa94       ?WindowProc@COlePropertyPage@@MAEJIIJ@Z 1000ba94 f   nafxcw:ctlppg.obj
 0001:0000aae9       ?OnCtlColor@COlePropertyPage@@IAEPAUHBRUSH__@@PAVCDC@@PAVCWnd@@I@Z 1000bae9 f   nafxcw:ctlppg.obj
 0001:0000ab36       ?AddRef@XPropertyPage@COlePropertyPage@@UAGKXZ 1000bb36 f   nafxcw:ctlppg.obj
 0001:0000ab48       ?Release@XPropertyPage@COlePropertyPage@@UAGKXZ 1000bb48 f   nafxcw:ctlppg.obj
 0001:0000ab5a       ?QueryInterface@XPropertyPage@COlePropertyPage@@UAGJABU_GUID@@PAPAX@Z 1000bb5a f   nafxcw:ctlppg.obj
 0001:0000ab74       ?SetPageSite@XPropertyPage@COlePropertyPage@@UAGJPAUIPropertyPageSite@@@Z 1000bb74 f   nafxcw:ctlppg.obj
 0001:0000abad       ?EnumChildProc@COlePropertyPage@@KGHPAUHWND__@@J@Z 1000bbad f   nafxcw:ctlppg.obj
 0001:0000abbd       ?EnumControls@COlePropertyPage@@KGHPAUHWND__@@J@Z 1000bbbd f   nafxcw:ctlppg.obj
 0001:0000abf3       ?Deactivate@XPropertyPage@COlePropertyPage@@UAGJXZ 1000bbf3 f   nafxcw:ctlppg.obj
 0001:0000ac07       ?Show@XPropertyPage@COlePropertyPage@@UAGJI@Z 1000bc07 f   nafxcw:ctlppg.obj
 0001:0000ac31       ?IsPageDirty@XPropertyPage@COlePropertyPage@@UAGJXZ 1000bc31 f   nafxcw:ctlppg.obj
 0001:0000ac40       ?Apply@XPropertyPage@COlePropertyPage@@UAGJXZ 1000bc40 f   nafxcw:ctlppg.obj
 0001:0000acc3       ?Help@XPropertyPage@COlePropertyPage@@UAGJPB_W@Z 1000bcc3 f   nafxcw:ctlppg.obj
 0001:0000ad22       ?EditProperty@XPropertyPage@COlePropertyPage@@UAGJJ@Z 1000bd22 f   nafxcw:ctlppg.obj
 0001:0000ad49       ?AddRef@XPropNotifySink@COlePropertyPage@@UAGKXZ 1000bd49 f   nafxcw:ctlppg.obj
 0001:0000ad49       ?AddRef@XFontNotification@COleControl@@UAGKXZ 1000bd49 f   nafxcw:ctlprop.obj
 0001:0000ad4f       ?Release@XPropNotifySink@COlePropertyPage@@UAGKXZ 1000bd4f f   nafxcw:ctlppg.obj
 0001:0000ad4f       ?IsUpToDate@XOleObject@COleControl@@UAGJXZ 1000bd4f f   nafxcw:ctlobj.obj
 0001:0000ad4f       ?Release@XFontNotification@COleControl@@UAGKXZ 1000bd4f f   nafxcw:ctlprop.obj
 0001:0000ad4f       ?OnHelp@COlePropertyPage@@UAEHPBD@Z 1000bd4f f   nafxcw:ctlppg.obj
 0001:0000ad4f       ?Update@XOleObject@COleControl@@UAGJXZ 1000bd4f f   nafxcw:ctlobj.obj
 0001:0000ad4f       ?IsDirty@CBlobProperty@@UAGJXZ 1000bd4f f   nafxcw:ctlpbag.obj
 0001:0000ad4f       ?OnEditProperty@COlePropertyPage@@UAEHJ@Z 1000bd4f f   nafxcw:ctlppg.obj
 0001:0000ad54       ?QueryInterface@XPropNotifySink@COlePropertyPage@@UAGJABU_GUID@@PAPAX@Z 1000bd54 f   nafxcw:ctlppg.obj
 0001:0000ad98       ?OnChanged@XPropNotifySink@COlePropertyPage@@UAGJJ@Z 1000bd98 f   nafxcw:ctlppg.obj
 0001:0000add2       ?_AfxIsRadioButton@@YGHPAUHWND__@@@Z 1000bdd2 f   nafxcw:ctlppg.obj
 0001:0000adf5       ?GetControlStatus@COlePropertyPage@@QAEHI@Z 1000bdf5 f   nafxcw:ctlppg.obj
 0001:0000ae29       ?SetControlStatus@COlePropertyPage@@QAEHIH@Z 1000be29 f   nafxcw:ctlppg.obj
 0001:0000ae63       ?MoveWindow@CWnd@@QAEXPBUtagRECT@@H@Z 1000be63 f i nafxcw:ctlppg.obj
 0001:0000ae8a       ?GotoDlgCtrl@CDialog@@QAEXPAVCWnd@@@Z 1000be8a f i nafxcw:ctlppg.obj
 0001:0000aea1       ?GetDefID@CDialog@@QBEKXZ  1000bea1 f i nafxcw:ctlppg.obj
 0001:0000aeb4       ?_AfxCleanupDDPs@@YGXAAVCPtrArray@@@Z 1000beb4 f   nafxcw:ctlppg.obj
 0001:0000aeef       ?PreTranslateMessage@COlePropertyPage@@MAEHPAUtagMSG@@@Z 1000beef f   nafxcw:ctlppg.obj
 0001:0000afe7       ?MessageBoxA@COlePropertyPage@@QAEHPBD0I@Z 1000bfe7 f   nafxcw:ctlppg.obj
 0001:0000b012       ?Activate@XPropertyPage@COlePropertyPage@@UAGJPAUHWND__@@PBUtagRECT@@H@Z 1000c012 f   nafxcw:ctlppg.obj
 0001:0000b121       ?GetPageInfo@XPropertyPage@COlePropertyPage@@UAGJPAUtagPROPPAGEINFO@@@Z 1000c121 f   nafxcw:ctlppg.obj
 0001:0000b168       ?SetObjects@XPropertyPage@COlePropertyPage@@UAGJKPAPAUIUnknown@@@Z 1000c168 f   nafxcw:ctlppg.obj
 0001:0000b285       ?Move@XPropertyPage@COlePropertyPage@@UAGJPBUtagRECT@@@Z 1000c285 f   nafxcw:ctlppg.obj
 0001:0000b29f       ?_AfxAtEndOfTabList@@YGHPAVCDialog@@I@Z 1000c29f f   nafxcw:ctlppg.obj
 0001:0000b32b       ?TranslateAcceleratorA@XPropertyPage@COlePropertyPage@@UAGJPAUtagMSG@@@Z 1000c32b f   nafxcw:ctlppg.obj
 0001:0000b46e       ?OnCommand@COlePropertyPage@@MAEHIJ@Z 1000c46e f   nafxcw:ctlppg.obj
 0001:0000b60f       ?DDP_PostProcessing@@YGXPAVCDataExchange@@@Z 1000c60f f   nafxcw:ctlppg.obj
 0001:0000b706       ??1COlePropertyPage@@UAE@XZ 1000c706 f   nafxcw:ctlppg.obj
 0001:0000b7c4       ??0COlePropertyPage@@QAE@II@Z 1000c7c4 f   nafxcw:ctlppg.obj
 0001:0000b8a9       ?OnSetPageSite@COlePropertyPage@@UAEXXZ 1000c8a9 f   nafxcw:ctlppg.obj
 0001:0000ba45       ??_ECHandleMap@@UAEPAXI@Z  1000ca45 f i nafxcw:winhand.obj
 0001:0000ba45       ??_GCHandleMap@@UAEPAXI@Z  1000ca45 f i nafxcw:winhand.obj
 0001:0000ba61       ??1CHandleMap@@UAE@XZ      1000ca61 f i nafxcw:winhand.obj
 0001:0000bab5       ??0CResourceException@@QAE@HI@Z 1000cab5 f i nafxcw:wingdi.obj
 0001:0000bad7       ??1CResourceException@@UAE@XZ 1000cad7 f i nafxcw:wingdi.obj
 0001:0000bade       ??0CUserException@@QAE@HI@Z 1000cade f i nafxcw:wingdi.obj
 0001:0000bb00       ??1CUserException@@UAE@XZ  1000cb00 f i nafxcw:wingdi.obj
 0001:0000bb07       ??_ECResourceException@@UAEPAXI@Z 1000cb07 f i nafxcw:wingdi.obj
 0001:0000bb07       ??_GCResourceException@@UAEPAXI@Z 1000cb07 f i nafxcw:wingdi.obj
 0001:0000bb23       ??_GCUserException@@UAEPAXI@Z 1000cb23 f i nafxcw:wingdi.obj
 0001:0000bb23       ??_ECUserException@@UAEPAXI@Z 1000cb23 f i nafxcw:wingdi.obj
 0001:0000bb3f       ??_ECGdiObject@@UAEPAXI@Z  1000cb3f f i nafxcw:ctlnownd.obj
 0001:0000bb3f       ??_ECBrush@@UAEPAXI@Z      1000cb3f f i nafxcw:wingdi.obj
 0001:0000bb3f       ??_GCRgn@@UAEPAXI@Z        1000cb3f f i nafxcw:ctlnownd.obj
 0001:0000bb3f       ??_GCBrush@@UAEPAXI@Z      1000cb3f f i nafxcw:wingdi.obj
 0001:0000bb3f       ??_GCGdiObject@@UAEPAXI@Z  1000cb3f f i nafxcw:ctlnownd.obj
 0001:0000bb3f       ??_ECRgn@@UAEPAXI@Z        1000cb3f f i nafxcw:ctlnownd.obj
 0001:0000bb5b       ?OnSetCursor@COleControl@@IAEHPAVCWnd@@II@Z 1000cb5b f   nafxcw:ctltrack.obj
 0001:0000bbb8       ??0CControlRectTracker@@QAE@PBUtagRECT@@I@Z 1000cbb8 f i nafxcw:ctltrack.obj
 0001:0000bbd4       ?_AfxOffsetTrackerRect@@YGXAAVCRect@@PAVCWnd@@@Z 1000cbd4 f   nafxcw:ctltrack.obj
 0001:0000bc43       ?CreateTracker@COleControl@@IAEXHHPBUtagRECT@@@Z 1000cc43 f   nafxcw:ctltrack.obj
 0001:0000bd0a       ?DestroyTracker@COleControl@@IAEXXZ 1000cd0a f   nafxcw:ctltrack.obj
 0001:0000bd48       ?OnNcPaint@COleControl@@IAEXXZ 1000cd48 f   nafxcw:ctltrack.obj
 0001:0000be8d       ?OnNcCalcSize@COleControl@@IAEXHPAUtagNCCALCSIZE_PARAMS@@@Z 1000ce8d f   nafxcw:ctltrack.obj
 0001:0000bed0       ?OnNcHitTest@COleControl@@IAEIVCPoint@@@Z 1000ced0 f   nafxcw:ctltrack.obj
 0001:0000bfaf       ?OnNcLButtonDown@COleControl@@IAEXIVCPoint@@@Z 1000cfaf f   nafxcw:ctltrack.obj
 0001:0000c160       ??_ECControlRectTracker@@UAEPAXI@Z 1000d160 f i nafxcw:ctltrack.obj
 0001:0000c160       ??_GCControlRectTracker@@UAEPAXI@Z 1000d160 f i nafxcw:ctltrack.obj
 0001:0000c17c       ??1CControlRectTracker@@UAE@XZ 1000d17c f i nafxcw:ctltrack.obj
 0001:0000c181       ??6CArchive@@QAEAAV0@_K@Z  1000d181 f i nafxcw:arccore.obj
 0001:0000c1c3       ??5CArchive@@QAEAAV0@AA_K@Z 1000d1c3 f i nafxcw:arccore.obj
 0001:0000c20b       ??1?$CThreadLocal@V_AFXCTL_AMBIENT_CACHE@@@@QAE@XZ 1000d20b f i nafxcw:ctlquick.obj
 0001:0000c210       ?Cache@_AFXCTL_AMBIENT_CACHE@@QAEXPAUtagQACONTAINER@@@Z 1000d210 f   nafxcw:ctlquick.obj
 0001:0000c27f       ?AddRef@XQuickActivate@COleControl@@UAGKXZ 1000d27f f   nafxcw:ctlquick.obj
 0001:0000c291       ?Release@XQuickActivate@COleControl@@UAGKXZ 1000d291 f   nafxcw:ctlquick.obj
 0001:0000c2a3       ?QueryInterface@XQuickActivate@COleControl@@UAGJABU_GUID@@PAPAX@Z 1000d2a3 f   nafxcw:ctlquick.obj
 0001:0000c2bd       ?SetContentExtent@XQuickActivate@COleControl@@UAGJPAUtagSIZE@@@Z 1000d2bd f   nafxcw:ctlquick.obj
 0001:0000c2d3       ?GetContentExtent@XQuickActivate@COleControl@@UAGJPAUtagSIZE@@@Z 1000d2d3 f   nafxcw:ctlquick.obj
 0001:0000c2e9       ??0_AFXCTL_AMBIENT_CACHE@@QAE@XZ 1000d2e9 f   nafxcw:ctlquick.obj
 0001:0000c2f2       ??_G_AFXCTL_AMBIENT_CACHE@@UAEPAXI@Z 1000d2f2 f i nafxcw:ctlquick.obj
 0001:0000c2f2       ??_E_AFXCTL_AMBIENT_CACHE@@UAEPAXI@Z 1000d2f2 f i nafxcw:ctlquick.obj
 0001:0000c30d       ??1CResetPropExchange@@UAE@XZ 1000d30d f i nafxcw:ctlcore.obj
 0001:0000c30d       ??1CArchivePropExchange@@UAE@XZ 1000d30d f i nafxcw:ctlcore.obj
 0001:0000c30d       ??3@YAXPAX0@Z              1000d30d f i nafxcw:afxtls.obj
 0001:0000c30d       ??1_AFXCTL_AMBIENT_CACHE@@UAE@XZ 1000d30d f i nafxcw:ctlquick.obj
 0001:0000c30d       ??1CAsyncPropExchange@@UAE@XZ 1000d30d f i nafxcw:ctlcore.obj
 0001:0000c30d       ?OnHideToolBars@COleControl@@UAEXXZ 1000d30d f i nafxcw:ctlinplc.obj
 0001:0000c30d       __fpclear                  1000d30d f i libcmt:fpinit.obj
 0001:0000c30d       ?OnObjectsChanged@COlePropertyPage@@UAEXXZ 1000d30d f i nafxcw:ctlppg.obj
 0001:0000c30e       ?QuickActivate@XQuickActivate@COleControl@@UAGJPAUtagQACONTAINER@@PAUtagQACONTROL@@@Z 1000d30e f   nafxcw:ctlquick.obj
 0001:0000c411       ??1CMenu@@UAE@XZ           1000d411 f i nafxcw:winmenu.obj
 0001:0000c41c       ??_ECMenu@@UAEPAXI@Z       1000d41c f i nafxcw:winmenu.obj
 0001:0000c41c       ??_GCMenu@@UAEPAXI@Z       1000d41c f i nafxcw:winmenu.obj
 0001:0000c438       ?GetMaxConnections@CConnectionPoint@@UAEHXZ 1000d438 f   nafxcw:oleconn.obj
 0001:0000c43c       ?GetContainer@CConnectionPoint@@UAEPAUIConnectionPointContainer@@XZ 1000d43c f   nafxcw:oleconn.obj
[...]
 0001:0003133e       $L187655                   1003233e f   nafxcw:ctlppg.obj
 0001:0003133e       $L187762                   1003233e f   nafxcw:ctlppg.obj
 0001:0003134c       __ehhandler$??1COlePropertyPage@@UAE@XZ 1003234c f   nafxcw:ctlppg.obj
 0001:0003134c       __ehhandler$??0COlePropertyPage@@QAE@II@Z 1003234c f   nafxcw:ctlppg.obj
 0001:00031356       $L188032                   10032356 f   nafxcw:ctlppg.obj
 0001:0003135e       $L188033                   1003235e f   nafxcw:ctlppg.obj
 0001:00031366       $L188034                   10032366 f   nafxcw:ctlppg.obj
 0001:0003136e       $L188035                   1003236e f   nafxcw:ctlppg.obj
 0001:00031376       __ehhandler$?OnSetPageSite@COlePropertyPage@@UAEXXZ 10032376 f   nafxcw:ctlppg.obj
 0001:00031380       __ehhandler$?GetData@CProcessLocalObject@@QAEPAVCNoTrackObject@@P6GPAV2@XZ@Z 10032380 f   nafxcw:afxtls.obj
 0001:0003138a       $L184689                   1003238a f   nafxcw:afxtls.obj
 0001:0003139a       __ehhandler$?GetData@CThreadLocalObject@@QAEPAVCNoTrackObject@@P6GPAV2@XZ@Z 1003239a f   nafxcw:afxtls.obj
 0001:000313a4       $L184300                   100323a4 f   nafxcw:winhand.obj
 0001:000313a4       $L184213                   100323a4 f   nafxcw:winhand.obj
 0001:000313af       $L184301                   100323af f   nafxcw:winhand.obj
 0001:000313af       $L184214                   100323af f   nafxcw:winhand.obj
 0001:000313ba       $L184302                   100323ba f   nafxcw:winhand.obj
 0001:000313ba       $L184215                   100323ba f   nafxcw:winhand.obj
 0001:000313c5       __ehhandler$??1CHandleMap@@UAE@XZ 100323c5 f   nafxcw:winhand.obj
 0001:000313c5       __ehhandler$??0CHandleMap@@QAE@PAUCRuntimeClass@@P6GXPAVCObject@@@Z2IH@Z 100323c5 f   nafxcw:winhand.obj
 0001:000313cf       __ehhandler$?FromHandle@CHandleMap@@QAEPAVCObject@@PAX@Z 100323cf f   nafxcw:winhand.obj
 0001:000313d9       $L186181                   100323d9 f   nafxcw:wingdi.obj
 0001:000313d9       $L186308                   100323d9 f   nafxcw:wingdi.obj
 0001:000313e3       __ehhandler$?afxMapHGDIOBJ@@YGPAVCHandleMap@@H@Z 100323e3 f   nafxcw:wingdi.obj
 0001:000313e3       __ehhandler$?afxMapHDC@@YGPAVCHandleMap@@H@Z 100323e3 f   nafxcw:wingdi.obj
 0001:000313ed       $L186251                   100323ed f   nafxcw:wingdi.obj
 0001:000313ed       $L186295                   100323ed f   nafxcw:wingdi.obj
 0001:000313ed       $L186272                   100323ed f   nafxcw:wingdi.obj
 0001:000313ed       $L186281                   100323ed f   nafxcw:wingdi.obj
 0001:000313f5       __ehhandler$??0CWindowDC@@QAE@PAVCWnd@@@Z 100323f5 f   nafxcw:wingdi.obj
 0001:000313f5       __ehhandler$??1CWindowDC@@UAE@XZ 100323f5 f   nafxcw:wingdi.obj
 0001:000313f5       __ehhandler$??1CPaintDC@@UAE@XZ 100323f5 f   nafxcw:wingdi.obj
 0001:000313f5       __ehhandler$??0CPaintDC@@QAE@PAVCWnd@@@Z 100323f5 f   nafxcw:wingdi.obj
 0001:000313ff       $L186549                   100323ff f   nafxcw:wingdi.obj
 0001:00031407       __ehhandler$??0CBrush@@QAE@K@Z 10032407 f   nafxcw:wingdi.obj
 0001:00031411       __ehhandler$?CreateObject@CRuntimeClass@@QAEPAVCObject@@XZ 10032411 f   nafxcw:objcore.obj
 0001:0003141b       $L185117                   1003241b f   nafxcw:filecore.obj
 0001:00031426       __ehhandler$??1CFile@@UAE@XZ 10032426 f   nafxcw:filecore.obj
 0001:00031430       $L185286                   10032430 f   nafxcw:filecore.obj
 0001:00031438       __ehhandler$?AfxFullPath@@YGHPADPBD@Z 10032438 f   nafxcw:filecore.obj
 0001:00031442       $L184874                   10032442 f   nafxcw:olereg.obj
 0001:0003144a       $L184875                   1003244a f   nafxcw:olereg.obj
 0001:00031452       __ehhandler$?AfxOleUnregisterHelper@@YGHPBQBD0HPAUHKEY__@@@Z 10032452 f   nafxcw:olereg.obj
 0001:0003145c       $L185014                   1003245c f   nafxcw:olereg.obj
 0001:00031467       $L185015                   10032467 f   nafxcw:olereg.obj
 0001:00031472       __ehhandler$?AfxOleRegisterHelper@@YGHPBQBD0HHPAUHKEY__@@@Z 10032472 f   nafxcw:olereg.obj
 0001:0003147c       $L185378                   1003247c f   nafxcw:olereg.obj
 0001:00031484       $L185379                   10032484 f   nafxcw:olereg.obj
 0001:0003148c       $L185380                   1003248c f   nafxcw:olereg.obj
 0001:00031494       $L185381                   10032494 f   nafxcw:olereg.obj
 0001:0003149c       $L185382                   1003249c f   nafxcw:olereg.obj
 0001:000314a4       $L185383                   100324a4 f   nafxcw:olereg.obj
 0001:000314ac       __ehhandler$?_AfxOleMakeSymbolTable@@YGHAAV_AFX_OLESYMBOLTABLE@@ABU_GUID@@PBD22H22@Z 100324ac f   nafxcw:olereg.obj
 0001:000314b6       $L185663                   100324b6 f   nafxcw:olereg.obj
 0001:000314b6       $L185645                   100324b6 f   nafxcw:olereg.obj
 0001:000314be       __ehhandler$?AfxOleUnregisterServerClass@@YGHABU_GUID@@PBD11W4OLE_APPTYPE@@PAPBD3@Z 100324be f   nafxcw:olereg.obj
 0001:000314be       __ehhandler$?AfxOleRegisterServerClass@@YGHABU_GUID@@PBD11W4OLE_APPTYPE@@PAPBD3H11@Z 100324be f   nafxcw:olereg.obj
 0001:000314c8       $L184393                   100324c8 f   nafxcw:ctltrack.obj
 0001:000314d2       __ehhandler$?CreateTracker@COleControl@@IAEXHHPBUtagRECT@@@Z 100324d2 f   nafxcw:ctltrack.obj
 0001:000314dc       $L184434                   100324dc f   nafxcw:ctltrack.obj
 0001:000314e4       __ehhandler$?OnNcPaint@COleControl@@IAEXXZ 100324e4 f   nafxcw:ctltrack.obj
 0001:000314ee       $L185131                   100324ee f   nafxcw:arccore.obj
 0001:000314f9       __ehhandler$??1CArchive@@QAE@XZ 100324f9 f   nafxcw:arccore.obj
 0001:00031503       $L185248                   10032503 f   nafxcw:arccore.obj
 0001:0003150e       $L185249                   1003250e f   nafxcw:arccore.obj
 0001:00031516       __ehhandler$??0CArchive@@QAE@PAVCFile@@IHPAX@Z 10032516 f   nafxcw:arccore.obj
 0001:00031520       $L184789                   10032520 f   nafxcw:winmenu.obj
 0001:0003152a       __ehhandler$?afxMapHMENU@@YGPAVCHandleMap@@H@Z 1003252a f   nafxcw:winmenu.obj
 0001:00031534       $L184968                   10032534 f   nafxcw:oledisp2.obj
 0001:0003153d       __ehhandler$?InvokeHelperV@COleDispatchDriver@@QAEXJGGPAXPBEPAD@Z 1003253d f   nafxcw:oledisp2.obj
 0001:00031547       $L184851                   10032547 f   nafxcw:oleconn.obj
 0001:00031547       $L184820                   10032547 f   nafxcw:oleconn.obj
 0001:0003154f       __ehhandler$??1CEnumConnPoints@@UAE@XZ 1003254f f   nafxcw:oleconn.obj
 0001:0003154f       __ehhandler$??1CEnumConnections@@UAE@XZ 1003254f f   nafxcw:oleconn.obj
 0001:00031559       $L185007                   10032559 f   nafxcw:oleconn.obj
 0001:00031559       $L184946                   10032559 f   nafxcw:oleconn.obj
 0001:00031562       __ehhandler$?OnClone@CEnumConnections@@MAEPAVCEnumArray@@XZ 10032562 f   nafxcw:oleconn.obj
 0001:00031562       __ehhandler$?CreateConnectionArray@CConnectionPoint@@QAEXXZ 10032562 f   nafxcw:oleconn.obj
 0001:0003156c       $L185029                   1003256c f   nafxcw:oleconn.obj
 0001:00031575       __ehhandler$?EnumConnections@XConnPt@CConnectionPoint@@UAGJPAPAUIEnumConnections@@@Z 10032575 f   nafxcw:oleconn.obj
 0001:0003157f       $L185065                   1003257f f   nafxcw:oleconn.obj
 0001:00031588       $L185066                   10032588 f   nafxcw:oleconn.obj
 0001:00031590       __ehhandler$?EnumConnectionPoints@COleConnPtContainer@@UAGJPAPAUIEnumConnectionPoints@@@Z 10032590 f   nafxcw:oleconn.obj
 0001:0003159a       $L185115                   1003259a f   nafxcw:oleconn.obj
 0001:000315a2       __ehhandler$??1CConnectionPoint@@UAE@XZ 100325a2 f   nafxcw:oleconn.obj
 0001:000315ac       $L184476                   100325ac f   nafxcw:dcmeta.obj
 0001:000315b4       __ehhandler$??1CMetaFileDC@@UAE@XZ 100325b4 f   nafxcw:dcmeta.obj
 0001:000315be       __ehhandler$?CallMemberFunc@CCmdTarget@@IAEJPBUAFX_DISPMAP_ENTRY@@GPAUtagVARIANT@@PAUtagDISPPARAMS@@PAI@Z 100325be f   nafxcw:oledisp1.obj
 0001:000315c8       __ehhandler$?Invoke@COleDispatchImpl@@UAGJJABU_GUID@@KGPAUtagDISPPARAMS@@PAUtagVARIANT@@PAUtagEXCEPINFO@@PAI@Z 100325c8 f   nafxcw:oledisp1.obj
 0001:000315d2       $L185979                   100325d2 f   nafxcw:oledisp1.obj
 0001:000315dd       $L185980                   100325dd f   nafxcw:oledisp1.obj
 0001:000315e8       $L185981                   100325e8 f   nafxcw:oledisp1.obj
 0001:000315f3       __ehhandler$??0COleDispatchException@@QAE@PBDIG@Z 100325f3 f   nafxcw:oledisp1.obj
 0001:000315fd       $L184371                   100325fd f   nafxcw:ctlpstm.obj
 0001:00031605       $L184372                   10032605 f   nafxcw:ctlpstm.obj
 0001:00031610       __ehhandler$?Load@XPersistMemory@COleControl@@UAGJPAXK@Z 10032610 f   nafxcw:ctlpstm.obj
 0001:0003161a       $L184892                   1003261a f   nafxcw:ctlpbag.obj
 0001:00031622       __ehhandler$?Save@XPersistPropertyBag@COleControl@@UAGJPAUIPropertyBag@@HH@Z 10032622 f   nafxcw:ctlpbag.obj
 0001:0003162c       $L185120                   1003262c f   nafxcw:ctlpbag.obj
 0001:00031634       __ehhandler$?Load@XPersistPropertyBag@COleControl@@UAGJPAUIPropertyBag@@PAUIErrorLog@@@Z 10032634 f   nafxcw:ctlpbag.obj
 0001:0003163e       $L184624                   1003263e f   nafxcw:ctlfont.obj
 0001:00031646       __ehhandler$??0?$CStringT@DV?$StrTraitMFC@DV?$ChTraitsCRT@D@ATL@@@@@ATL@@QAE@PB_W@Z 10032646 f   nafxcw:ctlfont.obj
 0001:00031650       $L184641                   10032650 f   nafxcw:ctlfont.obj
 0001:00031658       __ehhandler$?_AfxIsSameFont@@YGHAAVCFontHolder@@PBUtagFONTDESC@@PAUIFontDisp@@@Z 10032658 f   nafxcw:ctlfont.obj
 0001:00031662       $L184592                   10032662 f   nafxcw:arcex.obj
 0001:0003166a       $L184593                   1003266a f   nafxcw:arcex.obj
 0001:00031672       __ehhandler$?GetErrorMessage@CArchiveException@@UAEHPADIPAI@Z 10032672 f   nafxcw:arcex.obj
 0001:0003167c       $L184713                   1003267c f   nafxcw:arcex.obj
 0001:00031687       __ehhandler$??0CArchiveException@@QAE@HPBD@Z 10032687 f   nafxcw:arcex.obj
 0001:00031691       $L184775                   10032691 f   nafxcw:arcex.obj
 0001:0003169a       __ehhandler$?AfxThrowArchiveException@@YGXHPBD@Z 1003269a f   nafxcw:arcex.obj
 0001:000316a4       __ehhandler$?Read@CArchiveStream@@UAGJPAXKPAK@Z 100326a4 f   nafxcw:arcstrm.obj
 0001:000316ae       __ehhandler$?Write@CArchiveStream@@UAGJPBXKPAK@Z 100326ae f   nafxcw:arcstrm.obj
 0001:000316b8       __ehhandler$?Seek@CArchiveStream@@UAGJT_LARGE_INTEGER@@KPAT_ULARGE_INTEGER@@@Z 100326b8 f   nafxcw:arcstrm.obj
 0001:000316c2       $L185054                   100326c2 f   nafxcw:ctlpset.obj
 0001:000316ca       __ehhandler$?SetPropsetData@COleControl@@IAEHPAUtagFORMATETC@@PAUtagSTGMEDIUM@@ABU_GUID@@@Z 100326ca f   nafxcw:ctlpset.obj
 0001:000316d4       $L185153                   100326d4 f   nafxcw:ctlpset.obj
 0001:000316dc       $L185154                   100326dc f   nafxcw:ctlpset.obj
 0001:000316e4       __ehhandler$?GetPropsetData@COleControl@@IAEHPAUtagFORMATETC@@PAUtagSTGMEDIUM@@ABU_GUID@@@Z 100326e4 f   nafxcw:ctlpset.obj
 0001:000316ee       $L185284                   100326ee f   nafxcw:ctlpset.obj
 0001:000316f6       __ehhandler$?ExchangeProp@CPropsetPropExchange@@UAEHPBDGPAXPBX@Z 100326f6 f   nafxcw:ctlpset.obj
 0001:00031700       $L184714                   10032700 f   nafxcw:dlgtempl.obj
 0001:00031708       __ehhandler$?GetSizeInPixels@CDialogTemplate@@QBEXPAUtagSIZE@@@Z 10032708 f   nafxcw:dlgtempl.obj
 0001:00031712       $L184667                   10032712 f   nafxcw:oledobj2.obj
 0001:0003171a       $L184668                   1003271a f   nafxcw:oledobj2.obj
 0001:00031722       __ehhandler$?OnRenderData@COleDataSource@@UAEHPAUtagFORMATETC@@PAUtagSTGMEDIUM@@@Z 10032722 f   nafxcw:oledobj2.obj
 0001:0003172c       __ehhandler$?GetData@XDataObject@COleDataSource@@UAGJPAUtagFORMATETC@@PAUtagSTGMEDIUM@@@Z 1003272c f   nafxcw:oledobj2.obj
 0001:00031736       __ehhandler$?GetDataHere@XDataObject@COleDataSource@@UAGJPAUtagFORMATETC@@PAUtagSTGMEDIUM@@@Z 10032736 f   nafxcw:oledobj2.obj
 0001:00031740       __ehhandler$?SetData@XDataObject@COleDataSource@@UAGJPAUtagFORMATETC@@PAUtagSTGMEDIUM@@H@Z 10032740 f   nafxcw:oledobj2.obj
 0001:0003174a       $L184783                   1003274a f   nafxcw:oledobj2.obj
 0001:00031753       __ehhandler$?CreateObject@?$CProcessLocal@V_AFX_OLE_STATE@@@@SGPAVCNoTrackObject@@XZ 10032753 f   nafxcw:oledobj2.obj
 0001:0003175d       $L184837                   1003275d f   nafxcw:oledobj2.obj
 0001:00031766       __ehhandler$?EnumFormatEtc@XDataObject@COleDataSource@@UAGJKPAPAUIEnumFORMATETC@@@Z 10032766 f   nafxcw:oledobj2.obj
 0001:00031770       $L184901                   10032770 f   nafxcw:oledobj2.obj
 0001:00031778       __ehhandler$??1COleDataSource@@UAE@XZ 10032778 f   nafxcw:oledobj2.obj
 0001:00031782       $L184512                   10032782 f   nafxcw:oleverb.obj
 0001:0003178b       __ehhandler$?DoOleVerb@CCmdTarget@@QAEHJPAUtagMSG@@PAUHWND__@@PBUtagRECT@@@Z 1003278b f   nafxcw:oleverb.obj
 0001:00031795       $L184740                   10032795 f   nafxcw:oleverb.obj
 0001:0003179d       $L184741                   1003279d f   nafxcw:oleverb.obj
 0001:000317a6       __ehhandler$?EnumOleVerbs@CCmdTarget@@QAEHPAPAUIEnumOLEVERB@@@Z 100327a6 f   nafxcw:oleverb.obj
 0001:000317b0       $L185004                   100327b0 f   nafxcw:filetxt.obj
 0001:000317b8       __ehhandler$??1CStdioFile@@UAE@XZ 100327b8 f   nafxcw:filetxt.obj
 0001:000317c2       $L185215                   100327c2 f   nafxcw:filetxt.obj
 0001:000317ca       $L185216                   100327ca f   nafxcw:filetxt.obj
 0001:000317d2       __ehhandler$??0CStdioFile@@QAE@PBDI@Z 100327d2 f   nafxcw:filetxt.obj
 0001:000317dc       $L185413                   100327dc f   nafxcw:filest.obj
 0001:000317dc       $L185318                   100327dc f   nafxcw:filest.obj
 0001:000317e7       __ehhandler$?GetFileName@CFile@@UBE?AV?$CStringT@DV?$StrTraitMFC@DV?$ChTraitsCRT@D@ATL@@@@@ATL@@XZ 100327e7 f   nafxcw:filest.obj
 0001:000317e7       __ehhandler$?GetFileTitle@CFile@@UBE?AV?$CStringT@DV?$StrTraitMFC@DV?$ChTraitsCRT@D@ATL@@@@@ATL@@XZ 100327e7 f   nafxcw:filest.obj
 0001:000317f1       $L184729                   100327f1 f   nafxcw:filex.obj
 0001:000317f9       $L184730                   100327f9 f   nafxcw:filex.obj
 0001:00031801       __ehhandler$?GetErrorMessage@CFileException@@UAEHPADIPAI@Z 10032801 f   nafxcw:filex.obj
 0001:0003180b       $L184907                   1003280b f   nafxcw:filex.obj
 0001:00031814       __ehhandler$?AfxThrowFileException@@YGXHJPBD@Z 10032814 f   nafxcw:filex.obj
 0001:0003181e       $L184461                   1003281e f   nafxcw:wingdix.obj
 0001:00031826       $L184462                   10032826 f   nafxcw:wingdix.obj
 0001:0003182e       $L184463                   1003282e f   nafxcw:wingdix.obj
 0001:00031836       $L184464                   10032836 f   nafxcw:wingdix.obj
 0001:0003183e       $L184465                   1003283e f   nafxcw:wingdix.obj
 0001:00031846       __ehhandler$?DrawDragRect@CDC@@QAEXPBUtagRECT@@UtagSIZE@@01PAVCBrush@@2@Z 10032846 f   nafxcw:wingdix.obj
 0001:00031850       $L184431                   10032850 f   nafxcw:apphelp.obj
 0001:00031858       __ehhandler$?AfxFormatStrings@@YGXAAV?$CStringT@DV?$StrTraitMFC@DV?$ChTraitsCRT@D@ATL@@@@@ATL@@IPBQBDH@Z 10032858 f   nafxcw:apphelp.obj
 0001:00031862       $L184297                   10032862 f   nafxcw:oleenum.obj
 0001:0003186a       __ehhandler$??1CEnumArray@@UAE@XZ 1003286a f   nafxcw:oleenum.obj
 0001:00031874       __ehhandler$?Next@XEnumVOID@CEnumArray@@UAGJKPAXPAK@Z 10032874 f   nafxcw:oleenum.obj
 0001:0003187e       __ehhandler$?Skip@XEnumVOID@CEnumArray@@UAGJK@Z 1003287e f   nafxcw:oleenum.obj
 0001:00031888       __ehhandler$?Clone@XEnumVOID@CEnumArray@@UAGJPAPAUIEnumVOID@@@Z 10032888 f   nafxcw:oleenum.obj
 0001:00031892       $L184443                   10032892 f   nafxcw:oleenum.obj
 0001:0003189b       __ehhandler$?OnClone@CEnumArray@@MAEPAV1@XZ 1003289b f   nafxcw:oleenum.obj
 0001:000318a5       $L184479                   100328a5 f   nafxcw:filemem.obj
 0001:000318a5       $L184366                   100328a5 f   nafxcw:filemem.obj
 0001:000318ad       __ehhandler$??1CMemFile@@UAE@XZ 100328ad f   nafxcw:filemem.obj
 0001:000318ad       __ehhandler$??0CMemFile@@QAE@PAEII@Z 100328ad f   nafxcw:filemem.obj
 0001:000318b7       $L185578                   100328b7 f   nafxcw:olepset.obj
 0001:000318b7       $L185594                   100328b7 f   nafxcw:olepset.obj
 0001:000318c2       __ehhandler$??0CPropertySection@@QAE@U_GUID@@@Z 100328c2 f   nafxcw:olepset.obj
 0001:000318c2       __ehhandler$??0CPropertySection@@QAE@XZ 100328c2 f   nafxcw:olepset.obj
 0001:000318cc       $L185605                   100328cc f   nafxcw:olepset.obj
 0001:000318d7       $L185606                   100328d7 f   nafxcw:olepset.obj
 0001:000318e2       $L185607                   100328e2 f   nafxcw:olepset.obj
 0001:000318ed       __ehhandler$??1CPropertySection@@QAE@XZ 100328ed f   nafxcw:olepset.obj
 0001:000318f7       $L185984                   100328f7 f   nafxcw:olepset.obj
 0001:000318f7       $L185646                   100328f7 f   nafxcw:olepset.obj
 0001:000318ff       __ehhandler$?GetID@CPropertySection@@QAEHPBDPAK@Z 100328ff f   nafxcw:olepset.obj
 0001:000318ff       __ehhandler$?WriteNameDictToStream@CPropertySection@@QAEHPAUIStream@@@Z 100328ff f   nafxcw:olepset.obj
 0001:00031909       $L185784                   10032909 f   nafxcw:olepset.obj
 0001:00031913       __ehhandler$?AddSection@CPropertySet@@QAEPAVCPropertySection@@U_GUID@@@Z 10032913 f   nafxcw:olepset.obj
 0001:0003191d       $L185856                   1003291d f   nafxcw:olepset.obj
 0001:00031928       __ehhandler$??1CPropertySet@@QAE@XZ 10032928 f   nafxcw:olepset.obj
 0001:00031932       $L186034                   10032932 f   nafxcw:olepset.obj
 0001:0003193a       __ehhandler$?SetName@CPropertySection@@QAEHKPBD@Z 1003293a f   nafxcw:olepset.obj
 0001:00031944       $L186112                   10032944 f   nafxcw:olepset.obj
 0001:0003194e       __ehhandler$?ReadFromStream@CPropertySet@@QAEHPAUIStream@@@Z 1003294e f   nafxcw:olepset.obj
 0001:00031958       $L184203                   10032958 f   nafxcw:fileshrd.obj
 0001:00031960       __ehhandler$??1CSharedFile@@UAE@XZ 10032960 f   nafxcw:fileshrd.obj
 0001:00031970       _$E1                       10032970 f   ShutterBugWindow.obj
 0001:00031990       _$E5                       10032990 f   ShutterBugWindowCtrl.obj
 0001:000319c0       _$E1                       100329c0 f   ShutterBugWindowPropPage.obj
 0001:000319e7       _$E5                       100329e7 f   nafxcw:dllmodul.obj
 0001:000319fd       _$E5                       100329fd f   nafxcw:ctlquick.obj
 0001:00031a09       _$E5                       10032a09 f   atls:atlimage2.obj
 0001:00031a1f       _$E5                       10032a1f f   atls:atlimage.obj
 0001:00031a38       _$E5                       10032a38 f   atls:atlbase.obj
 0001:00031a50       _$E2                       10032a50 f   ShutterBugWindow.obj
 0001:00031a60       _$E6                       10032a60 f   ShutterBugWindowCtrl.obj
 0001:00031a70       _$E2                       10032a70 f   ShutterBugWindowPropPage.obj
 0001:00031a7a       _$E6                       10032a7a f   nafxcw:ctlquick.obj
 0001:00031a84       _$E6                       10032a84 f   atls:atlimage2.obj
 0001:00031a9a       _$E6                       10032a9a f   atls:atlimage.obj
 0001:00031aa4       _$E6                       10032aa4 f   atls:atlbase.obj
